Component: Arm Compiler for Embedded 6.19 Tool: armlink [5e73cb00]

==============================================================================

Section Cross References

    lab 6\startup_stm32f103xb.o(STACK) refers (Special) to D:\KeilC\Core\ARM\ARMCLANG\Bin\..\lib\armlib\c_w.l(heapauxi.o)(.text) for __use_two_region_memory
    lab 6\startup_stm32f103xb.o(HEAP) refers (Special) to D:\KeilC\Core\ARM\ARMCLANG\Bin\..\lib\armlib\c_w.l(heapauxi.o)(.text) for __use_two_region_memory
    lab 6\startup_stm32f103xb.o(RESET) refers (Special) to D:\KeilC\Core\ARM\ARMCLANG\Bin\..\lib\armlib\c_w.l(heapauxi.o)(.text) for __use_two_region_memory
    lab 6\startup_stm32f103xb.o(RESET) refers to lab 6\startup_stm32f103xb.o(STACK) for __initial_sp
    lab 6\startup_stm32f103xb.o(RESET) refers to lab 6\startup_stm32f103xb.o(.text) for Reset_Handler
    lab 6\startup_stm32f103xb.o(RESET) refers to lab 6\stm32f1xx_it.o(.text.NMI_Handler) for NMI_Handler
    lab 6\startup_stm32f103xb.o(RESET) refers to lab 6\stm32f1xx_it.o(.text.HardFault_Handler) for HardFault_Handler
    lab 6\startup_stm32f103xb.o(RESET) refers to lab 6\stm32f1xx_it.o(.text.MemManage_Handler) for MemManage_Handler
    lab 6\startup_stm32f103xb.o(RESET) refers to lab 6\stm32f1xx_it.o(.text.BusFault_Handler) for BusFault_Handler
    lab 6\startup_stm32f103xb.o(RESET) refers to lab 6\stm32f1xx_it.o(.text.UsageFault_Handler) for UsageFault_Handler
    lab 6\startup_stm32f103xb.o(RESET) refers to lab 6\stm32f1xx_it.o(.text.SVC_Handler) for SVC_Handler
    lab 6\startup_stm32f103xb.o(RESET) refers to lab 6\stm32f1xx_it.o(.text.DebugMon_Handler) for DebugMon_Handler
    lab 6\startup_stm32f103xb.o(RESET) refers to lab 6\stm32f1xx_it.o(.text.PendSV_Handler) for PendSV_Handler
    lab 6\startup_stm32f103xb.o(RESET) refers to lab 6\sound.o(.text.SysTick_Handler) for SysTick_Handler
    lab 6\startup_stm32f103xb.o(.text) refers (Special) to D:\KeilC\Core\ARM\ARMCLANG\Bin\..\lib\armlib\c_w.l(heapauxi.o)(.text) for __use_two_region_memory
    lab 6\startup_stm32f103xb.o(.text) refers to lab 6\system_stm32f1xx.o(.text.SystemInit) for SystemInit
    lab 6\startup_stm32f103xb.o(.text) refers to D:\KeilC\Core\ARM\ARMCLANG\Bin\..\lib\armlib\c_w.l(__main.o)(!!!main) for __main
    lab 6\startup_stm32f103xb.o(.text) refers to lab 6\startup_stm32f103xb.o(HEAP) for Heap_Mem
    lab 6\startup_stm32f103xb.o(.text) refers to lab 6\startup_stm32f103xb.o(STACK) for Stack_Mem
    lab 6\main.o(.text.main) refers to lab 6\stm32f1xx_hal.o(.text.HAL_Init) for HAL_Init
    lab 6\main.o(.text.main) refers to lab 6\stm32f1xx_hal_rcc.o(.text.HAL_RCC_OscConfig) for HAL_RCC_OscConfig
    lab 6\main.o(.text.main) refers to lab 6\stm32f1xx_hal_rcc.o(.text.HAL_RCC_ClockConfig) for HAL_RCC_ClockConfig
    lab 6\main.o(.text.main) refers to lab 6\key.o(.text.Key_Init) for Key_Init
    lab 6\main.o(.text.main) refers to lab 6\sound.o(.text.Sound_Init) for Sound_Init
    lab 6\main.o(.text.main) refers to lab 6\key.o(.text.Key_In) for Key_In
    lab 6\main.o(.text.main) refers to lab 6\sound.o(.text.Sound_Start) for Sound_Start
    lab 6\main.o(.ARM.exidx.text.main) refers to lab 6\main.o(.text.main) for [Anonymous Symbol]
    lab 6\main.o(.text.SystemClock_Config) refers to lab 6\stm32f1xx_hal_rcc.o(.text.HAL_RCC_OscConfig) for HAL_RCC_OscConfig
    lab 6\main.o(.text.SystemClock_Config) refers to lab 6\stm32f1xx_hal_rcc.o(.text.HAL_RCC_ClockConfig) for HAL_RCC_ClockConfig
    lab 6\main.o(.ARM.exidx.text.SystemClock_Config) refers to lab 6\main.o(.text.SystemClock_Config) for [Anonymous Symbol]
    lab 6\stm32f1xx_hal_msp.o(.ARM.exidx.text.HAL_MspInit) refers to lab 6\stm32f1xx_hal_msp.o(.text.HAL_MspInit) for [Anonymous Symbol]
    lab 6\key.o(.text.Key_Init) refers to lab 6\stm32f1xx_hal_gpio.o(.text.HAL_GPIO_Init) for HAL_GPIO_Init
    lab 6\key.o(.ARM.exidx.text.Key_Init) refers to lab 6\key.o(.text.Key_Init) for [Anonymous Symbol]
    lab 6\key.o(.ARM.exidx.text.Key_In) refers to lab 6\key.o(.text.Key_In) for [Anonymous Symbol]
    lab 6\sound.o(.text.Sound_Init) refers to lab 6\dac.o(.text.DAC_Init) for DAC_Init
    lab 6\sound.o(.text.Sound_Init) refers to lab 6\main.o(.bss.Index) for Index
    lab 6\sound.o(.ARM.exidx.text.Sound_Init) refers to lab 6\sound.o(.text.Sound_Init) for [Anonymous Symbol]
    lab 6\sound.o(.ARM.exidx.text.Sound_Start) refers to lab 6\sound.o(.text.Sound_Start) for [Anonymous Symbol]
    lab 6\sound.o(.text.SysTick_Handler) refers to lab 6\main.o(.bss.Index) for Index
    lab 6\sound.o(.text.SysTick_Handler) refers to lab 6\sound.o(.rodata.Bassoon) for Bassoon
    lab 6\sound.o(.text.SysTick_Handler) refers to lab 6\dac.o(.text.DAC_Out) for DAC_Out
    lab 6\sound.o(.ARM.exidx.text.SysTick_Handler) refers to lab 6\sound.o(.text.SysTick_Handler) for [Anonymous Symbol]
    lab 6\dac.o(.text.DAC_Init) refers to lab 6\stm32f1xx_hal_gpio.o(.text.HAL_GPIO_Init) for HAL_GPIO_Init
[...]
    D:\KeilC\Core\ARM\ARMCLANG\Bin\..\lib\armlib\c_w.l(defsig_general.o)(.text) refers to D:\KeilC\Core\ARM\ARMCLANG\Bin\..\lib\armlib\c_w.l(sys_wrch.o)(.text) for _ttywrch
    D:\KeilC\Core\ARM\ARMCLANG\Bin\..\lib\armlib\c_w.l(sys_wrch.o)(.text) refers (Special) to D:\KeilC\Core\ARM\ARMCLANG\Bin\..\lib\armlib\c_w.l(use_no_semi.o)(.text) for __I$use$semihosting
    D:\KeilC\Core\ARM\ARMCLANG\Bin\..\lib\armlib\c_w.l(sys_wrch.o)(.text) refers (Special) to D:\KeilC\Core\ARM\ARMCLANG\Bin\..\lib\armlib\c_w.l(indicate_semi.o)(.text) for __semihosting_library_function
    D:\KeilC\Core\ARM\ARMCLANG\Bin\..\lib\armlib\c_w.l(sys_wrch_hlt.o)(.text) refers (Special) to D:\KeilC\Core\ARM\ARMCLANG\Bin\..\lib\armlib\c_w.l(use_no_semi.o)(.text) for __I$use$semihosting
    D:\KeilC\Core\ARM\ARMCLANG\Bin\..\lib\armlib\c_w.l(sys_wrch_hlt.o)(.text) refers (Special) to D:\KeilC\Core\ARM\ARMCLANG\Bin\..\lib\armlib\c_w.l(indicate_semi.o)(.text) for __semihosting_library_function
    D:\KeilC\Core\ARM\ARMCLANG\Bin\..\lib\armlib\c_w.l(defsig.o)(CL$$defsig) refers to D:\KeilC\Core\ARM\ARMCLANG\Bin\..\lib\armlib\c_w.l(defsig_rtmem_inner.o)(.text) for __rt_SIGRTMEM_inner
    D:\KeilC\Core\ARM\ARMCLANG\Bin\..\lib\armlib\c_w.l(defsig_abrt_inner.o)(.text) refers to D:\KeilC\Core\ARM\ARMCLANG\Bin\..\lib\armlib\c_w.l(defsig_general.o)(.text) for __default_signal_display
    D:\KeilC\Core\ARM\ARMCLANG\Bin\..\lib\armlib\c_w.l(defsig_fpe_inner.o)(.text) refers to D:\KeilC\Core\ARM\ARMCLANG\Bin\..\lib\armlib\c_w.l(defsig_general.o)(.text) for __default_signal_display
    D:\KeilC\Core\ARM\ARMCLANG\Bin\..\lib\armlib\c_w.l(defsig_rtred_inner.o)(.text) refers to D:\KeilC\Core\ARM\ARMCLANG\Bin\..\lib\armlib\c_w.l(defsig_general.o)(.text) for __default_signal_display
    D:\KeilC\Core\ARM\ARMCLANG\Bin\..\lib\armlib\c_w.l(defsig_stak_inner.o)(.text) refers to D:\KeilC\Core\ARM\ARMCLANG\Bin\..\lib\armlib\c_w.l(defsig_general.o)(.text) for __default_signal_display
    D:\KeilC\Core\ARM\ARMCLANG\Bin\..\lib\armlib\c_w.l(defsig_pvfn_inner.o)(.text) refers to D:\KeilC\Core\ARM\ARMCLANG\Bin\..\lib\armlib\c_w.l(defsig_general.o)(.text) for __default_signal_display
    D:\KeilC\Core\ARM\ARMCLANG\Bin\..\lib\armlib\c_w.l(defsig_cppl_inner.o)(.text) refers to D:\KeilC\Core\ARM\ARMCLANG\Bin\..\lib\armlib\c_w.l(defsig_general.o)(.text) for __default_signal_display
    D:\KeilC\Core\ARM\ARMCLANG\Bin\..\lib\armlib\c_w.l(defsig_segv_inner.o)(.text) refers to D:\KeilC\Core\ARM\ARMCLANG\Bin\..\lib\armlib\c_w.l(defsig_general.o)(.text) for __default_signal_display
    D:\KeilC\Core\ARM\ARMCLANG\Bin\..\lib\armlib\c_w.l(defsig_other.o)(.text) refers to D:\KeilC\Core\ARM\ARMCLANG\Bin\..\lib\armlib\c_w.l(defsig_general.o)(.text) for __default_signal_display


==============================================================================

Removing Unused input sections from the image.

    Removing lab 6\main.o(.text), (0 bytes).
    Removing lab 6\main.o(.ARM.exidx.text.main), (8 bytes).
    Removing lab 6\main.o(.text.SystemClock_Config), (50 bytes).
    Removing lab 6\main.o(.ARM.exidx.text.SystemClock_Config), (8 bytes).
    Removing lab 6\main.o(.ARM.use_no_argv), (4 bytes).
    Removing lab 6\stm32f1xx_hal_msp.o(.text), (0 bytes).
    Removing lab 6\stm32f1xx_hal_msp.o(.ARM.exidx.text.HAL_MspInit), (8 bytes).
    Removing lab 6\key.o(.text), (0 bytes).
    Removing lab 6\key.o(.ARM.exidx.text.Key_Init), (8 bytes).
    Removing lab 6\key.o(.ARM.exidx.text.Key_In), (8 bytes).
    Removing lab 6\sound.o(.text), (0 bytes).
    Removing lab 6\sound.o(.ARM.exidx.text.Sound_Init), (8 bytes).
    Removing lab 6\sound.o(.ARM.exidx.text.Sound_Start), (8 bytes).
    Removing lab 6\sound.o(.ARM.exidx.text.SysTick_Handler), (8 bytes).
    Removing lab 6\dac.o(.text), (0 bytes).
    Removing lab 6\dac.o(.ARM.exidx.text.DAC_Init), (8 bytes).
    Removing lab 6\dac.o(.ARM.exidx.text.DAC_Out), (8 bytes).
    Removing lab 6\stm32f1xx_it.o(.text), (0 bytes).
    Removing lab 6\stm32f1xx_it.o(.ARM.exidx.text.NMI_Handler), (8 bytes).
    Removing lab 6\stm32f1xx_it.o(.ARM.exidx.text.HardFault_Handler), (8 bytes).
    Removing lab 6\stm32f1xx_it.o(.ARM.exidx.text.MemManage_Handler), (8 bytes).
    Removing lab 6\stm32f1xx_it.o(.ARM.exidx.text.BusFault_Handler), (8 bytes).
    Removing lab 6\stm32f1xx_it.o(.ARM.exidx.text.UsageFault_Handler), (8 bytes).
    Removing lab 6\stm32f1xx_it.o(.ARM.exidx.text.SVC_Handler), (8 bytes).
    Removing lab 6\stm32f1xx_it.o(.ARM.exidx.text.DebugMon_Handler), (8 bytes).
    Removing lab 6\stm32f1xx_it.o(.ARM.exidx.text.PendSV_Handler), (8 bytes).
    Removing lab 6\stm32f1xx_it.o(.text.SysTick_Handler), (4 bytes).
    Removing lab 6\stm32f1xx_it.o(.ARM.exidx.text.SysTick_Handler), (8 bytes).
    Removing lab 6\stm32f1xx_hal_gpio_ex.o(.text), (0 bytes).
    Removing lab 6\stm32f1xx_hal_gpio_ex.o(.text.HAL_GPIOEx_ConfigEventout), (20 bytes).
    Removing lab 6\stm32f1xx_hal_gpio_ex.o(.ARM.exidx.text.HAL_GPIOEx_ConfigEventout), (8 bytes).
    Removing lab 6\stm32f1xx_hal_gpio_ex.o(.text.HAL_GPIOEx_EnableEventout), (16 bytes).
    Removing lab 6\stm32f1xx_hal_gpio_ex.o(.ARM.exidx.text.HAL_GPIOEx_EnableEventout), (8 bytes).
    Removing lab 6\stm32f1xx_hal_gpio_ex.o(.text.HAL_GPIOEx_DisableEventout), (16 bytes).
    Removing lab 6\stm32f1xx_hal_gpio_ex.o(.ARM.exidx.text.HAL_GPIOEx_DisableEventout), (8 bytes).
    Removing lab 6\stm32f1xx_hal_tim.o(.text), (0 bytes).
    Removing lab 6\stm32f1xx_hal_tim_ex.o(.text), (0 bytes).
    Removing lab 6\stm32f1xx_hal.o(.text), (0 bytes).
    Removing lab 6\stm32f1xx_hal.o(.ARM.exidx.text.HAL_Init), (8 bytes).
    Removing lab 6\stm32f1xx_hal.o(.ARM.exidx.text.HAL_InitTick), (8 bytes).
    Removing lab 6\stm32f1xx_hal.o(.text.HAL_MspInit), (2 bytes).
    Removing lab 6\stm32f1xx_hal.o(.ARM.exidx.text.HAL_MspInit), (8 bytes).
    Removing lab 6\stm32f1xx_hal.o(.text.HAL_DeInit), (32 bytes).
    Removing lab 6\stm32f1xx_hal.o(.ARM.exidx.text.HAL_DeInit), (8 bytes).
    Removing lab 6\stm32f1xx_hal.o(.text.HAL_MspDeInit), (2 bytes).
    Removing lab 6\stm32f1xx_hal.o(.ARM.exidx.text.HAL_MspDeInit), (8 bytes).
    Removing lab 6\stm32f1xx_hal.o(.text.HAL_IncTick), (26 bytes).
    Removing lab 6\stm32f1xx_hal.o(.ARM.exidx.text.HAL_IncTick), (8 bytes).
    Removing lab 6\stm32f1xx_hal.o(.ARM.exidx.text.HAL_GetTick), (8 bytes).
    Removing lab 6\stm32f1xx_hal.o(.text.HAL_GetTickPrio), (12 bytes).
    Removing lab 6\stm32f1xx_hal.o(.ARM.exidx.text.HAL_GetTickPrio), (8 bytes).
    Removing lab 6\stm32f1xx_hal.o(.text.HAL_SetTickFreq), (38 bytes).
    Removing lab 6\stm32f1xx_hal.o(.ARM.exidx.text.HAL_SetTickFreq), (8 bytes).
    Removing lab 6\stm32f1xx_hal.o(.text.HAL_GetTickFreq), (12 bytes).
    Removing lab 6\stm32f1xx_hal.o(.ARM.exidx.text.HAL_GetTickFreq), (8 bytes).
    Removing lab 6\stm32f1xx_hal.o(.text.HAL_Delay), (40 bytes).
    Removing lab 6\stm32f1xx_hal.o(.ARM.exidx.text.HAL_Delay), (8 bytes).
    Removing lab 6\stm32f1xx_hal.o(.text.HAL_SuspendTick), (18 bytes).
    Removing lab 6\stm32f1xx_hal.o(.ARM.exidx.text.HAL_SuspendTick), (8 bytes).
    Removing lab 6\stm32f1xx_hal.o(.text.HAL_ResumeTick), (18 bytes).
    Removing lab 6\stm32f1xx_hal.o(.ARM.exidx.text.HAL_ResumeTick), (8 bytes).
    Removing lab 6\stm32f1xx_hal.o(.text.HAL_GetHalVersion), (10 bytes).
    Removing lab 6\stm32f1xx_hal.o(.ARM.exidx.text.HAL_GetHalVersion), (8 bytes).
    Removing lab 6\stm32f1xx_hal.o(.text.HAL_GetREVID), (14 bytes).
    Removing lab 6\stm32f1xx_hal.o(.ARM.exidx.text.HAL_GetREVID), (8 bytes).
    Removing lab 6\stm32f1xx_hal.o(.text.HAL_GetDEVID), (16 bytes).
    Removing lab 6\stm32f1xx_hal.o(.ARM.exidx.text.HAL_GetDEVID), (8 bytes).
    Removing lab 6\stm32f1xx_hal.o(.text.HAL_GetUIDw0), (12 bytes).
    Removing lab 6\stm32f1xx_hal.o(.ARM.exidx.text.HAL_GetUIDw0), (8 bytes).
    Removing lab 6\stm32f1xx_hal.o(.text.HAL_GetUIDw1), (12 bytes).
    Removing lab 6\stm32f1xx_hal.o(.ARM.exidx.text.HAL_GetUIDw1), (8 bytes).
    Removing lab 6\stm32f1xx_hal.o(.text.HAL_GetUIDw2), (12 bytes).
    Removing lab 6\stm32f1xx_hal.o(.ARM.exidx.text.HAL_GetUIDw2), (8 bytes).
    Removing lab 6\stm32f1xx_hal.o(.text.HAL_DBGMCU_EnableDBGSleepMode), (18 bytes).
    Removing lab 6\stm32f1xx_hal.o(.ARM.exidx.text.HAL_DBGMCU_EnableDBGSleepMode), (8 bytes).
    Removing lab 6\stm32f1xx_hal.o(.text.HAL_DBGMCU_DisableDBGSleepMode), (18 bytes).
    Removing lab 6\stm32f1xx_hal.o(.ARM.exidx.text.HAL_DBGMCU_DisableDBGSleepMode), (8 bytes).
    Removing lab 6\stm32f1xx_hal.o(.text.HAL_DBGMCU_EnableDBGStopMode), (18 bytes).
    Removing lab 6\stm32f1xx_hal.o(.ARM.exidx.text.HAL_DBGMCU_EnableDBGStopMode), (8 bytes).
    Removing lab 6\stm32f1xx_hal.o(.text.HAL_DBGMCU_DisableDBGStopMode), (18 bytes).
    Removing lab 6\stm32f1xx_hal.o(.ARM.exidx.text.HAL_DBGMCU_DisableDBGStopMode), (8 bytes).
    Removing lab 6\stm32f1xx_hal.o(.text.HAL_DBGMCU_EnableDBGStandbyMode), (18 bytes).
    Removing lab 6\stm32f1xx_hal.o(.ARM.exidx.text.HAL_DBGMCU_EnableDBGStandbyMode), (8 bytes).
    Removing lab 6\stm32f1xx_hal.o(.text.HAL_DBGMCU_DisableDBGStandbyMode), (18 bytes).
    Removing lab 6\stm32f1xx_hal.o(.ARM.exidx.text.HAL_DBGMCU_DisableDBGStandbyMode), (8 bytes).
    Removing lab 6\stm32f1xx_hal_rcc.o(.text), (0 bytes).
    Removing lab 6\stm32f1xx_hal_rcc.o(.text.HAL_RCC_DeInit), (234 bytes).
    Removing lab 6\stm32f1xx_hal_rcc.o(.ARM.exidx.text.HAL_RCC_DeInit), (8 bytes).
    Removing lab 6\stm32f1xx_hal_rcc.o(.ARM.exidx.text.HAL_RCC_OscConfig), (8 bytes).
    Removing lab 6\stm32f1xx_hal_rcc.o(.ARM.exidx.text.HAL_RCC_ClockConfig), (8 bytes).
    Removing lab 6\stm32f1xx_hal_rcc.o(.text.HAL_RCC_GetSysClockFreq), (86 bytes).
    Removing lab 6\stm32f1xx_hal_rcc.o(.ARM.exidx.text.HAL_RCC_GetSysClockFreq), (8 bytes).
    Removing lab 6\stm32f1xx_hal_rcc.o(.text.HAL_RCC_MCOConfig), (82 bytes).
    Removing lab 6\stm32f1xx_hal_rcc.o(.ARM.exidx.text.HAL_RCC_MCOConfig), (8 bytes).
    Removing lab 6\stm32f1xx_hal_rcc.o(.text.HAL_RCC_EnableCSS), (12 bytes).
    Removing lab 6\stm32f1xx_hal_rcc.o(.ARM.exidx.text.HAL_RCC_EnableCSS), (8 bytes).
    Removing lab 6\stm32f1xx_hal_rcc.o(.text.HAL_RCC_DisableCSS), (12 bytes).
    Removing lab 6\stm32f1xx_hal_rcc.o(.ARM.exidx.text.HAL_RCC_DisableCSS), (8 bytes).
    Removing lab 6\stm32f1xx_hal_rcc.o(.text.HAL_RCC_GetHCLKFreq), (12 bytes).
    Removing lab 6\stm32f1xx_hal_rcc.o(.ARM.exidx.text.HAL_RCC_GetHCLKFreq), (8 bytes).
    Removing lab 6\stm32f1xx_hal_rcc.o(.text.HAL_RCC_GetPCLK1Freq), (38 bytes).
    Removing lab 6\stm32f1xx_hal_rcc.o(.ARM.exidx.text.HAL_RCC_GetPCLK1Freq), (8 bytes).
    Removing lab 6\stm32f1xx_hal_rcc.o(.text.HAL_RCC_GetPCLK2Freq), (38 bytes).
    Removing lab 6\stm32f1xx_hal_rcc.o(.ARM.exidx.text.HAL_RCC_GetPCLK2Freq), (8 bytes).
    Removing lab 6\stm32f1xx_hal_rcc.o(.text.HAL_RCC_GetOscConfig), (128 bytes).
    Removing lab 6\stm32f1xx_hal_rcc.o(.ARM.exidx.text.HAL_RCC_GetOscConfig), (8 bytes).
    Removing lab 6\stm32f1xx_hal_rcc.o(.text.HAL_RCC_GetClockConfig), (66 bytes).
    Removing lab 6\stm32f1xx_hal_rcc.o(.ARM.exidx.text.HAL_RCC_GetClockConfig), (8 bytes).
    Removing lab 6\stm32f1xx_hal_rcc.o(.text.HAL_RCC_NMI_IRQHandler), (28 bytes).
    Removing lab 6\stm32f1xx_hal_rcc.o(.ARM.exidx.text.HAL_RCC_NMI_IRQHandler), (8 bytes).
    Removing lab 6\stm32f1xx_hal_rcc.o(.text.HAL_RCC_CSSCallback), (2 bytes).
    Removing lab 6\stm32f1xx_hal_rcc.o(.ARM.exidx.text.HAL_RCC_CSSCallback), (8 bytes).
    Removing lab 6\stm32f1xx_hal_rcc_ex.o(.text), (0 bytes).
    Removing lab 6\stm32f1xx_hal_rcc_ex.o(.text.HAL_RCCEx_PeriphCLKConfig), (266 bytes).
    Removing lab 6\stm32f1xx_hal_rcc_ex.o(.ARM.exidx.text.HAL_RCCEx_PeriphCLKConfig), (8 bytes).
    Removing lab 6\stm32f1xx_hal_rcc_ex.o(.text.HAL_RCCEx_GetPeriphCLKConfig), (38 bytes).
    Removing lab 6\stm32f1xx_hal_rcc_ex.o(.ARM.exidx.text.HAL_RCCEx_GetPeriphCLKConfig), (8 bytes).
    Removing lab 6\stm32f1xx_hal_rcc_ex.o(.text.HAL_RCCEx_GetPeriphCLKFreq), (240 bytes).
    Removing lab 6\stm32f1xx_hal_rcc_ex.o(.ARM.exidx.text.HAL_RCCEx_GetPeriphCLKFreq), (8 bytes).
    Removing lab 6\stm32f1xx_hal_gpio.o(.text), (0 bytes).
    Removing lab 6\stm32f1xx_hal_gpio.o(.ARM.exidx.text.HAL_GPIO_Init), (8 bytes).
    Removing lab 6\stm32f1xx_hal_gpio.o(.text.HAL_GPIO_DeInit), (274 bytes).
    Removing lab 6\stm32f1xx_hal_gpio.o(.ARM.exidx.text.HAL_GPIO_DeInit), (8 bytes).
    Removing lab 6\stm32f1xx_hal_gpio.o(.text.HAL_GPIO_ReadPin), (10 bytes).
    Removing lab 6\stm32f1xx_hal_gpio.o(.ARM.exidx.text.HAL_GPIO_ReadPin), (8 bytes).
    Removing lab 6\stm32f1xx_hal_gpio.o(.text.HAL_GPIO_WritePin), (10 bytes).
    Removing lab 6\stm32f1xx_hal_gpio.o(.ARM.exidx.text.HAL_GPIO_WritePin), (8 bytes).
    Removing lab 6\stm32f1xx_hal_gpio.o(.text.HAL_GPIO_TogglePin), (16 bytes).
    Removing lab 6\stm32f1xx_hal_gpio.o(.ARM.exidx.text.HAL_GPIO_TogglePin), (8 bytes).
    Removing lab 6\stm32f1xx_hal_gpio.o(.text.HAL_GPIO_LockPin), (40 bytes).
    Removing lab 6\stm32f1xx_hal_gpio.o(.ARM.exidx.text.HAL_GPIO_LockPin), (8 bytes).
    Removing lab 6\stm32f1xx_hal_gpio.o(.text.HAL_GPIO_EXTI_IRQHandler), (22 bytes).
    Removing lab 6\stm32f1xx_hal_gpio.o(.ARM.exidx.text.HAL_GPIO_EXTI_IRQHandler), (8 bytes).
    Removing lab 6\stm32f1xx_hal_gpio.o(.text.HAL_GPIO_EXTI_Callback), (2 bytes).
    Removing lab 6\stm32f1xx_hal_gpio.o(.ARM.exidx.text.HAL_GPIO_EXTI_Callback), (8 bytes).
    Removing lab 6\stm32f1xx_hal_dma.o(.text), (0 bytes).
    Removing lab 6\stm32f1xx_hal_dma.o(.text.HAL_DMA_Init), (136 bytes).
    Removing lab 6\stm32f1xx_hal_dma.o(.ARM.exidx.text.HAL_DMA_Init), (8 bytes).
    Removing lab 6\stm32f1xx_hal_dma.o(.text.HAL_DMA_DeInit), (100 bytes).
    Removing lab 6\stm32f1xx_hal_dma.o(.ARM.exidx.text.HAL_DMA_DeInit), (8 bytes).
    Removing lab 6\stm32f1xx_hal_dma.o(.text.HAL_DMA_Start), (108 bytes).
    Removing lab 6\stm32f1xx_hal_dma.o(.ARM.exidx.text.HAL_DMA_Start), (8 bytes).
    Removing lab 6\stm32f1xx_hal_dma.o(.text.HAL_DMA_Start_IT), (156 bytes).
    Removing lab 6\stm32f1xx_hal_dma.o(.ARM.exidx.text.HAL_DMA_Start_IT), (8 bytes).
    Removing lab 6\stm32f1xx_hal_dma.o(.text.HAL_DMA_Abort), (70 bytes).
    Removing lab 6\stm32f1xx_hal_dma.o(.ARM.exidx.text.HAL_DMA_Abort), (8 bytes).
    Removing lab 6\stm32f1xx_hal_dma.o(.text.HAL_DMA_Abort_IT), (178 bytes).
    Removing lab 6\stm32f1xx_hal_dma.o(.ARM.exidx.text.HAL_DMA_Abort_IT), (8 bytes).
    Removing lab 6\stm32f1xx_hal_dma.o(.text.HAL_DMA_PollForTransfer), (1458 bytes).
    Removing lab 6\stm32f1xx_hal_dma.o(.ARM.exidx.text.HAL_DMA_PollForTransfer), (8 bytes).
    Removing lab 6\stm32f1xx_hal_dma.o(.text.HAL_DMA_IRQHandler), (416 bytes).
    Removing lab 6\stm32f1xx_hal_dma.o(.ARM.exidx.text.HAL_DMA_IRQHandler), (8 bytes).
    Removing lab 6\stm32f1xx_hal_dma.o(.text.HAL_DMA_RegisterCallback), (86 bytes).
    Removing lab 6\stm32f1xx_hal_dma.o(.ARM.exidx.text.HAL_DMA_RegisterCallback), (8 bytes).
    Removing lab 6\stm32f1xx_hal_dma.o(.text.HAL_DMA_UnRegisterCallback), (120 bytes).
    Removing lab 6\stm32f1xx_hal_dma.o(.ARM.exidx.text.HAL_DMA_UnRegisterCallback), (8 bytes).
    Removing lab 6\stm32f1xx_hal_dma.o(.text.HAL_DMA_GetState), (6 bytes).
    Removing lab 6\stm32f1xx_hal_dma.o(.ARM.exidx.text.HAL_DMA_GetState), (8 bytes).
    Removing lab 6\stm32f1xx_hal_dma.o(.text.HAL_DMA_GetError), (4 bytes).
    Removing lab 6\stm32f1xx_hal_dma.o(.ARM.exidx.text.HAL_DMA_GetError), (8 bytes).
    Removing lab 6\stm32f1xx_hal_cortex.o(.text), (0 bytes).
    Removing lab 6\stm32f1xx_hal_cortex.o(.ARM.exidx.text.HAL_NVIC_SetPriorityGrouping), (8 bytes).
    Removing lab 6\stm32f1xx_hal_cortex.o(.ARM.exidx.text.HAL_NVIC_SetPriority), (8 bytes).
    Removing lab 6\stm32f1xx_hal_cortex.o(.text.HAL_NVIC_EnableIRQ), (38 bytes).
    Removing lab 6\stm32f1xx_hal_cortex.o(.ARM.exidx.text.HAL_NVIC_EnableIRQ), (8 bytes).
    Removing lab 6\stm32f1xx_hal_cortex.o(.text.HAL_NVIC_DisableIRQ), (46 bytes).
    Removing lab 6\stm32f1xx_hal_cortex.o(.ARM.exidx.text.HAL_NVIC_DisableIRQ), (8 bytes).
    Removing lab 6\stm32f1xx_hal_cortex.o(.text.HAL_NVIC_SystemReset), (4 bytes).
    Removing lab 6\stm32f1xx_hal_cortex.o(.ARM.exidx.text.HAL_NVIC_SystemReset), (8 bytes).
    Removing lab 6\stm32f1xx_hal_cortex.o(.text.__NVIC_SystemReset), (42 bytes).
    Removing lab 6\stm32f1xx_hal_cortex.o(.ARM.exidx.text.__NVIC_SystemReset), (8 bytes).
    Removing lab 6\stm32f1xx_hal_cortex.o(.ARM.exidx.text.HAL_SYSTICK_Config), (8 bytes).
    Removing lab 6\stm32f1xx_hal_cortex.o(.text.HAL_NVIC_GetPriorityGrouping), (16 bytes).
    Removing lab 6\stm32f1xx_hal_cortex.o(.ARM.exidx.text.HAL_NVIC_GetPriorityGrouping), (8 bytes).
    Removing lab 6\stm32f1xx_hal_cortex.o(.text.HAL_NVIC_GetPriority), (90 bytes).
    Removing lab 6\stm32f1xx_hal_cortex.o(.ARM.exidx.text.HAL_NVIC_GetPriority), (8 bytes).
    Removing lab 6\stm32f1xx_hal_cortex.o(.text.HAL_NVIC_SetPendingIRQ), (38 bytes).
    Removing lab 6\stm32f1xx_hal_cortex.o(.ARM.exidx.text.HAL_NVIC_SetPendingIRQ), (8 bytes).
    Removing lab 6\stm32f1xx_hal_cortex.o(.text.HAL_NVIC_GetPendingIRQ), (42 bytes).
    Removing lab 6\stm32f1xx_hal_cortex.o(.ARM.exidx.text.HAL_NVIC_GetPendingIRQ), (8 bytes).
    Removing lab 6\stm32f1xx_hal_cortex.o(.text.HAL_NVIC_ClearPendingIRQ), (38 bytes).
    Removing lab 6\stm32f1xx_hal_cortex.o(.ARM.exidx.text.HAL_NVIC_ClearPendingIRQ), (8 bytes).
    Removing lab 6\stm32f1xx_hal_cortex.o(.text.HAL_NVIC_GetActive), (42 bytes).
    Removing lab 6\stm32f1xx_hal_cortex.o(.ARM.exidx.text.HAL_NVIC_GetActive), (8 bytes).
    Removing lab 6\stm32f1xx_hal_cortex.o(.text.HAL_SYSTICK_CLKSourceConfig), (24 bytes).
    Removing lab 6\stm32f1xx_hal_cortex.o(.ARM.exidx.text.HAL_SYSTICK_CLKSourceConfig), (8 bytes).
    Removing lab 6\stm32f1xx_hal_cortex.o(.text.HAL_SYSTICK_IRQHandler), (4 bytes).
    Removing lab 6\stm32f1xx_hal_cortex.o(.ARM.exidx.text.HAL_SYSTICK_IRQHandler), (8 bytes).
    Removing lab 6\stm32f1xx_hal_cortex.o(.text.HAL_SYSTICK_Callback), (2 bytes).
    Removing lab 6\stm32f1xx_hal_cortex.o(.ARM.exidx.text.HAL_SYSTICK_Callback), (8 bytes).
    Removing lab 6\stm32f1xx_hal_pwr.o(.text), (0 bytes).
    Removing lab 6\stm32f1xx_hal_pwr.o(.text.HAL_PWR_DeInit), (26 bytes).
    Removing lab 6\stm32f1xx_hal_pwr.o(.ARM.exidx.text.HAL_PWR_DeInit), (8 bytes).
    Removing lab 6\stm32f1xx_hal_pwr.o(.text.HAL_PWR_EnableBkUpAccess), (12 bytes).
    Removing lab 6\stm32f1xx_hal_pwr.o(.ARM.exidx.text.HAL_PWR_EnableBkUpAccess), (8 bytes).
    Removing lab 6\stm32f1xx_hal_pwr.o(.text.HAL_PWR_DisableBkUpAccess), (12 bytes).
    Removing lab 6\stm32f1xx_hal_pwr.o(.ARM.exidx.text.HAL_PWR_DisableBkUpAccess), (8 bytes).
    Removing lab 6\stm32f1xx_hal_pwr.o(.text.HAL_PWR_ConfigPVD), (130 bytes).
    Removing lab 6\stm32f1xx_hal_pwr.o(.ARM.exidx.text.HAL_PWR_ConfigPVD), (8 bytes).
    Removing lab 6\stm32f1xx_hal_pwr.o(.text.HAL_PWR_EnablePVD), (12 bytes).
    Removing lab 6\stm32f1xx_hal_pwr.o(.ARM.exidx.text.HAL_PWR_EnablePVD), (8 bytes).
    Removing lab 6\stm32f1xx_hal_pwr.o(.text.HAL_PWR_DisablePVD), (12 bytes).
    Removing lab 6\stm32f1xx_hal_pwr.o(.ARM.exidx.text.HAL_PWR_DisablePVD), (8 bytes).
    Removing lab 6\stm32f1xx_hal_pwr.o(.text.HAL_PWR_EnableWakeUpPin), (22 bytes).
    Removing lab 6\stm32f1xx_hal_pwr.o(.ARM.exidx.text.HAL_PWR_EnableWakeUpPin), (8 bytes).
    Removing lab 6\stm32f1xx_hal_pwr.o(.text.HAL_PWR_DisableWakeUpPin), (22 bytes).
    Removing lab 6\stm32f1xx_hal_pwr.o(.ARM.exidx.text.HAL_PWR_DisableWakeUpPin), (8 bytes).
    Removing lab 6\stm32f1xx_hal_pwr.o(.text.HAL_PWR_EnterSLEEPMode), (30 bytes).
    Removing lab 6\stm32f1xx_hal_pwr.o(.ARM.exidx.text.HAL_PWR_EnterSLEEPMode), (8 bytes).
    Removing lab 6\stm32f1xx_hal_pwr.o(.text.HAL_PWR_EnterSTOPMode), (80 bytes).
    Removing lab 6\stm32f1xx_hal_pwr.o(.ARM.exidx.text.HAL_PWR_EnterSTOPMode), (8 bytes).
    Removing lab 6\stm32f1xx_hal_pwr.o(.text.PWR_OverloadWfe), (6 bytes).
    Removing lab 6\stm32f1xx_hal_pwr.o(.ARM.exidx.text.PWR_OverloadWfe), (8 bytes).
    Removing lab 6\stm32f1xx_hal_pwr.o(.text.HAL_PWR_EnterSTANDBYMode), (36 bytes).
    Removing lab 6\stm32f1xx_hal_pwr.o(.ARM.exidx.text.HAL_PWR_EnterSTANDBYMode), (8 bytes).
    Removing lab 6\stm32f1xx_hal_pwr.o(.text.HAL_PWR_EnableSleepOnExit), (18 bytes).
    Removing lab 6\stm32f1xx_hal_pwr.o(.ARM.exidx.text.HAL_PWR_EnableSleepOnExit), (8 bytes).
    Removing lab 6\stm32f1xx_hal_pwr.o(.text.HAL_PWR_DisableSleepOnExit), (18 bytes).
    Removing lab 6\stm32f1xx_hal_pwr.o(.ARM.exidx.text.HAL_PWR_DisableSleepOnExit), (8 bytes).
    Removing lab 6\stm32f1xx_hal_pwr.o(.text.HAL_PWR_EnableSEVOnPend), (18 bytes).
    Removing lab 6\stm32f1xx_hal_pwr.o(.ARM.exidx.text.HAL_PWR_EnableSEVOnPend), (8 bytes).
    Removing lab 6\stm32f1xx_hal_pwr.o(.text.HAL_PWR_DisableSEVOnPend), (18 bytes).
    Removing lab 6\stm32f1xx_hal_pwr.o(.ARM.exidx.text.HAL_PWR_DisableSEVOnPend), (8 bytes).
    Removing lab 6\stm32f1xx_hal_pwr.o(.text.HAL_PWR_PVD_IRQHandler), (30 bytes).
    Removing lab 6\stm32f1xx_hal_pwr.o(.ARM.exidx.text.HAL_PWR_PVD_IRQHandler), (8 bytes).
    Removing lab 6\stm32f1xx_hal_pwr.o(.text.HAL_PWR_PVDCallback), (2 bytes).
    Removing lab 6\stm32f1xx_hal_pwr.o(.ARM.exidx.text.HAL_PWR_PVDCallback), (8 bytes).
    Removing lab 6\stm32f1xx_hal_flash.o(.text), (0 bytes).
    Removing lab 6\stm32f1xx_hal_flash.o(.text.HAL_FLASH_Program), (172 bytes).
    Removing lab 6\stm32f1xx_hal_flash.o(.ARM.exidx.text.HAL_FLASH_Program), (8 bytes).
    Removing lab 6\stm32f1xx_hal_flash.o(.text.FLASH_WaitForLastOperation), (224 bytes).
    Removing lab 6\stm32f1xx_hal_flash.o(.ARM.exidx.text.FLASH_WaitForLastOperation), (8 bytes).
    Removing lab 6\stm32f1xx_hal_flash.o(.text.HAL_FLASH_Program_IT), (110 bytes).
    Removing lab 6\stm32f1xx_hal_flash.o(.ARM.exidx.text.HAL_FLASH_Program_IT), (8 bytes).
    Removing lab 6\stm32f1xx_hal_flash.o(.text.HAL_FLASH_IRQHandler), (372 bytes).
    Removing lab 6\stm32f1xx_hal_flash.o(.ARM.exidx.text.HAL_FLASH_IRQHandler), (8 bytes).
    Removing lab 6\stm32f1xx_hal_flash.o(.text.HAL_FLASH_OperationErrorCallback), (2 bytes).
    Removing lab 6\stm32f1xx_hal_flash.o(.ARM.exidx.text.HAL_FLASH_OperationErrorCallback), (8 bytes).
    Removing lab 6\stm32f1xx_hal_flash.o(.text.HAL_FLASH_EndOfOperationCallback), (2 bytes).
    Removing lab 6\stm32f1xx_hal_flash.o(.ARM.exidx.text.HAL_FLASH_EndOfOperationCallback), (8 bytes).
    Removing lab 6\stm32f1xx_hal_flash.o(.text.HAL_FLASH_Unlock), (46 bytes).
    Removing lab 6\stm32f1xx_hal_flash.o(.ARM.exidx.text.HAL_FLASH_Unlock), (8 bytes).
    Removing lab 6\stm32f1xx_hal_flash.o(.text.HAL_FLASH_Lock), (20 bytes).
    Removing lab 6\stm32f1xx_hal_flash.o(.ARM.exidx.text.HAL_FLASH_Lock), (8 bytes).
    Removing lab 6\stm32f1xx_hal_flash.o(.text.HAL_FLASH_OB_Unlock), (42 bytes).
    Removing lab 6\stm32f1xx_hal_flash.o(.ARM.exidx.text.HAL_FLASH_OB_Unlock), (8 bytes).
    Removing lab 6\stm32f1xx_hal_flash.o(.text.HAL_FLASH_OB_Lock), (20 bytes).
    Removing lab 6\stm32f1xx_hal_flash.o(.ARM.exidx.text.HAL_FLASH_OB_Lock), (8 bytes).
    Removing lab 6\stm32f1xx_hal_flash.o(.text.HAL_FLASH_OB_Launch), (4 bytes).
    Removing lab 6\stm32f1xx_hal_flash.o(.ARM.exidx.text.HAL_FLASH_OB_Launch), (8 bytes).
    Removing lab 6\stm32f1xx_hal_flash.o(.text.HAL_FLASH_GetError), (12 bytes).
    Removing lab 6\stm32f1xx_hal_flash.o(.ARM.exidx.text.HAL_FLASH_GetError), (8 bytes).
    Removing lab 6\stm32f1xx_hal_flash.o(.bss.pFlash), (32 bytes).
    Removing lab 6\stm32f1xx_hal_flash_ex.o(.text), (0 bytes).
    Removing lab 6\stm32f1xx_hal_flash_ex.o(.text.HAL_FLASHEx_Erase), (238 bytes).
    Removing lab 6\stm32f1xx_hal_flash_ex.o(.ARM.exidx.text.HAL_FLASHEx_Erase), (8 bytes).
    Removing lab 6\stm32f1xx_hal_flash_ex.o(.text.FLASH_PageErase), (40 bytes).
    Removing lab 6\stm32f1xx_hal_flash_ex.o(.ARM.exidx.text.FLASH_PageErase), (8 bytes).
    Removing lab 6\stm32f1xx_hal_flash_ex.o(.text.HAL_FLASHEx_Erase_IT), (112 bytes).
    Removing lab 6\stm32f1xx_hal_flash_ex.o(.ARM.exidx.text.HAL_FLASHEx_Erase_IT), (8 bytes).
    Removing lab 6\stm32f1xx_hal_flash_ex.o(.text.HAL_FLASHEx_OBErase), (174 bytes).
    Removing lab 6\stm32f1xx_hal_flash_ex.o(.ARM.exidx.text.HAL_FLASHEx_OBErase), (8 bytes).
    Removing lab 6\stm32f1xx_hal_flash_ex.o(.text.HAL_FLASHEx_OBProgram), (686 bytes).
    Removing lab 6\stm32f1xx_hal_flash_ex.o(.ARM.exidx.text.HAL_FLASHEx_OBProgram), (8 bytes).
    Removing lab 6\stm32f1xx_hal_flash_ex.o(.text.HAL_FLASHEx_OBGetConfig), (42 bytes).
    Removing lab 6\stm32f1xx_hal_flash_ex.o(.ARM.exidx.text.HAL_FLASHEx_OBGetConfig), (8 bytes).
    Removing lab 6\stm32f1xx_hal_flash_ex.o(.text.HAL_FLASHEx_OBGetUserData), (34 bytes).
    Removing lab 6\stm32f1xx_hal_flash_ex.o(.ARM.exidx.text.HAL_FLASHEx_OBGetUserData), (8 bytes).
    Removing lab 6\stm32f1xx_hal_exti.o(.text), (0 bytes).
    Removing lab 6\stm32f1xx_hal_exti.o(.text.HAL_EXTI_SetConfigLine), (180 bytes).
    Removing lab 6\stm32f1xx_hal_exti.o(.ARM.exidx.text.HAL_EXTI_SetConfigLine), (8 bytes).
    Removing lab 6\stm32f1xx_hal_exti.o(.text.HAL_EXTI_GetConfigLine), (152 bytes).
    Removing lab 6\stm32f1xx_hal_exti.o(.ARM.exidx.text.HAL_EXTI_GetConfigLine), (8 bytes).
    Removing lab 6\stm32f1xx_hal_exti.o(.text.HAL_EXTI_ClearConfigLine), (136 bytes).
    Removing lab 6\stm32f1xx_hal_exti.o(.ARM.exidx.text.HAL_EXTI_ClearConfigLine), (8 bytes).
    Removing lab 6\stm32f1xx_hal_exti.o(.text.HAL_EXTI_RegisterCallback), (12 bytes).
    Removing lab 6\stm32f1xx_hal_exti.o(.ARM.exidx.text.HAL_EXTI_RegisterCallback), (8 bytes).
    Removing lab 6\stm32f1xx_hal_exti.o(.text.HAL_EXTI_GetHandle), (12 bytes).
    Removing lab 6\stm32f1xx_hal_exti.o(.ARM.exidx.text.HAL_EXTI_GetHandle), (8 bytes).
    Removing lab 6\stm32f1xx_hal_exti.o(.text.HAL_EXTI_IRQHandler), (42 bytes).
    Removing lab 6\stm32f1xx_hal_exti.o(.ARM.exidx.text.HAL_EXTI_IRQHandler), (8 bytes).
    Removing lab 6\stm32f1xx_hal_exti.o(.text.HAL_EXTI_GetPending), (28 bytes).
    Removing lab 6\stm32f1xx_hal_exti.o(.ARM.exidx.text.HAL_EXTI_GetPending), (8 bytes).
    Removing lab 6\stm32f1xx_hal_exti.o(.text.HAL_EXTI_ClearPending), (24 bytes).
    Removing lab 6\stm32f1xx_hal_exti.o(.ARM.exidx.text.HAL_EXTI_ClearPending), (8 bytes).
    Removing lab 6\stm32f1xx_hal_exti.o(.text.HAL_EXTI_GenerateSWI), (24 bytes).
    Removing lab 6\stm32f1xx_hal_exti.o(.ARM.exidx.text.HAL_EXTI_GenerateSWI), (8 bytes).
    Removing lab 6\system_stm32f1xx.o(.text), (0 bytes).
    Removing lab 6\system_stm32f1xx.o(.ARM.exidx.text.SystemInit), (8 bytes).
    Removing lab 6\system_stm32f1xx.o(.text.SystemCoreClockUpdate), (112 bytes).
    Removing lab 6\system_stm32f1xx.o(.ARM.exidx.text.SystemCoreClockUpdate), (8 bytes).
    Removing lab 6\system_stm32f1xx.o(.rodata.APBPrescTable), (8 bytes).

292 unused section(s) (total 10216 bytes) removed from the image.

==============================================================================

Image Symbol Table

    Local Symbols

    Symbol Name                              Value     Ov Type        Size  Object(Section)

    ../clib/angel/boardlib.s                 0x00000000   Number         0  D:\KeilC\Core\ARM\ARMCLANG\Bin\..\lib\armlib\c_w.l(boardinit1.o) ABSOLUTE
    ../clib/angel/boardlib.s                 0x00000000   Number         0  D:\KeilC\Core\ARM\ARMCLANG\Bin\..\lib\armlib\c_w.l(boardinit2.o) ABSOLUTE
    ../clib/angel/boardlib.s                 0x00000000   Number         0  D:\KeilC\Core\ARM\ARMCLANG\Bin\..\lib\armlib\c_w.l(boardinit3.o) ABSOLUTE
    ../clib/angel/boardlib.s                 0x00000000   Number         0  D:\KeilC\Core\ARM\ARMCLANG\Bin\..\lib\armlib\c_w.l(boardshut.o) ABSOLUTE
    ../clib/angel/handlers.s                 0x00000000   Number         0  D:\KeilC\Core\ARM\ARMCLANG\Bin\..\lib\armlib\c_w.l(__scatter_copy.o) ABSOLUTE
    ../clib/angel/handlers.s                 0x00000000   Number         0  D:\KeilC\Core\ARM\ARMCLANG\Bin\..\lib\armlib\c_w.l(__scatter_zi.o) ABSOLUTE
    ../clib/angel/kernel.s                   0x00000000   Number         0  D:\KeilC\Core\ARM\ARMCLANG\Bin\..\lib\armlib\c_w.l(__rtentry.o) ABSOLUTE
    ../clib/angel/kernel.s                   0x00000000   Number         0  D:\KeilC\Core\ARM\ARMCLANG\Bin\..\lib\armlib\c_w.l(__rtentry2.o) ABSOLUTE
    ../clib/angel/kernel.s                   0x00000000   Number         0  D:\KeilC\Core\ARM\ARMCLANG\Bin\..\lib\armlib\c_w.l(__rtentry4.o) ABSOLUTE
    ../clib/angel/kernel.s                   0x00000000   Number         0  D:\KeilC\Core\ARM\ARMCLANG\Bin\..\lib\armlib\c_w.l(rtexit.o) ABSOLUTE
    ../clib/angel/kernel.s                   0x00000000   Number         0  D:\KeilC\Core\ARM\ARMCLANG\Bin\..\lib\armlib\c_w.l(rtexit2.o) ABSOLUTE
    ../clib/angel/rt.s                       0x00000000   Number         0  D:\KeilC\Core\ARM\ARMCLANG\Bin\..\lib\armlib\c_w.l(rt_raise.o) ABSOLUTE
    ../clib/angel/scatter.s                  0x00000000   Number         0  D:\KeilC\Core\ARM\ARMCLANG\Bin\..\lib\armlib\c_w.l(__scatter.o) ABSOLUTE
    ../clib/angel/startup.s                  0x00000000   Number         0  D:\KeilC\Core\ARM\ARMCLANG\Bin\..\lib\armlib\c_w.l(__main.o) ABSOLUTE
    ../clib/angel/sys.s                      0x00000000   Number         0  D:\KeilC\Core\ARM\ARMCLANG\Bin\..\lib\armlib\c_w.l(sys_stackheap_outer.o) ABSOLUTE
    ../clib/angel/sys.s                      0x00000000   Number         0  D:\KeilC\Core\ARM\ARMCLANG\Bin\..\lib\armlib\c_w.l(libspace.o) ABSOLUTE
    ../clib/angel/sys.s                      0x00000000   Number         0  D:\KeilC\Core\ARM\ARMCLANG\Bin\..\lib\armlib\c_w.l(use_no_semi.o) ABSOLUTE
    ../clib/angel/sys.s                      0x00000000   Number         0  D:\KeilC\Core\ARM\ARMCLANG\Bin\..\lib\armlib\c_w.l(indicate_semi.o) ABSOLUTE
    ../clib/angel/sysapp.c                   0x00000000   Number         0  D:\KeilC\Core\ARM\ARMCLANG\Bin\..\lib\armlib\c_w.l(sys_exit.o) ABSOLUTE
    ../clib/angel/sysapp.c                   0x00000000   Number         0  D:\KeilC\Core\ARM\ARMCLANG\Bin\..\lib\armlib\c_w.l(sys_exit_hlt.o) ABSOLUTE
    ../clib/angel/sysapp.c                   0x00000000   Number         0  D:\KeilC\Core\ARM\ARMCLANG\Bin\..\lib\armlib\c_w.l(sys_command.o) ABSOLUTE
    ../clib/angel/sysapp.c                   0x00000000   Number         0  D:\KeilC\Core\ARM\ARMCLANG\Bin\..\lib\armlib\c_w.l(sys_command_hlt.o) ABSOLUTE
    ../clib/angel/sysapp.c                   0x00000000   Number         0  D:\KeilC\Core\ARM\ARMCLANG\Bin\..\lib\armlib\c_w.l(sys_wrch.o) ABSOLUTE
    ../clib/angel/sysapp.c                   0x00000000   Number         0  D:\KeilC\Core\ARM\ARMCLANG\Bin\..\lib\armlib\c_w.l(sys_wrch_hlt.o) ABSOLUTE
    ../clib/armsys.c                         0x00000000   Number         0  D:\KeilC\Core\ARM\ARMCLANG\Bin\..\lib\armlib\c_w.l(argv_veneer.o) ABSOLUTE
    ../clib/armsys.c                         0x00000000   Number         0  D:\KeilC\Core\ARM\ARMCLANG\Bin\..\lib\armlib\c_w.l(argv_veneer.o) ABSOLUTE
    ../clib/armsys.c                         0x00000000   Number         0  D:\KeilC\Core\ARM\ARMCLANG\Bin\..\lib\armlib\c_w.l(_get_argv_nomalloc.o) ABSOLUTE
    ../clib/armsys.c                         0x00000000   Number         0  D:\KeilC\Core\ARM\ARMCLANG\Bin\..\lib\armlib\c_w.l(no_argv.o) ABSOLUTE
    ../clib/heapalloc.c                      0x00000000   Number         0  D:\KeilC\Core\ARM\ARMCLANG\Bin\..\lib\armlib\c_w.l(hrguard.o) ABSOLUTE
    ../clib/heapaux.c                        0x00000000   Number         0  D:\KeilC\Core\ARM\ARMCLANG\Bin\..\lib\armlib\c_w.l(heapauxi.o) ABSOLUTE
    ../clib/libinit.s                        0x00000000   Number         0  D:\KeilC\Core\ARM\ARMCLANG\Bin\..\lib\armlib\c_w.l(libinit.o) ABSOLUTE
    ../clib/libinit.s                        0x00000000   Number         0  D:\KeilC\Core\ARM\ARMCLANG\Bin\..\lib\armlib\c_w.l(libinit2.o) ABSOLUTE
    ../clib/libinit.s                        0x00000000   Number         0  D:\KeilC\Core\ARM\ARMCLANG\Bin\..\lib\armlib\c_w.l(libshutdown.o) ABSOLUTE
    ../clib/libinit.s                        0x00000000   Number         0  D:\KeilC\Core\ARM\ARMCLANG\Bin\..\lib\armlib\c_w.l(libshutdown2.o) ABSOLUTE
    ../clib/signal.c                         0x00000000   Number         0  D:\KeilC\Core\ARM\ARMCLANG\Bin\..\lib\armlib\c_w.l(defsig_rtmem_outer.o) ABSOLUTE
    ../clib/signal.c                         0x00000000   Number         0  D:\KeilC\Core\ARM\ARMCLANG\Bin\..\lib\armlib\c_w.l(defsig_rtmem_formal.o) ABSOLUTE
    ../clib/signal.c                         0x00000000   Number         0  D:\KeilC\Core\ARM\ARMCLANG\Bin\..\lib\armlib\c_w.l(defsig_exit.o) ABSOLUTE
    ../clib/signal.c                         0x00000000   Number         0  D:\KeilC\Core\ARM\ARMCLANG\Bin\..\lib\armlib\c_w.l(defsig_rtmem_inner.o) ABSOLUTE
    ../clib/signal.c                         0x00000000   Number         0  D:\KeilC\Core\ARM\ARMCLANG\Bin\..\lib\armlib\c_w.l(__raise.o) ABSOLUTE
    ../clib/signal.c                         0x00000000   Number         0  D:\KeilC\Core\ARM\ARMCLANG\Bin\..\lib\armlib\c_w.l(defsig_general.o) ABSOLUTE
    ../clib/signal.c                         0x00000000   Number         0  D:\KeilC\Core\ARM\ARMCLANG\Bin\..\lib\armlib\c_w.l(defsig_abrt_inner.o) ABSOLUTE
    ../clib/signal.c                         0x00000000   Number         0  D:\KeilC\Core\ARM\ARMCLANG\Bin\..\lib\armlib\c_w.l(defsig_fpe_inner.o) ABSOLUTE
    ../clib/signal.c                         0x00000000   Number         0  D:\KeilC\Core\ARM\ARMCLANG\Bin\..\lib\armlib\c_w.l(defsig_rtred_inner.o) ABSOLUTE
    ../clib/signal.c                         0x00000000   Number         0  D:\KeilC\Core\ARM\ARMCLANG\Bin\..\lib\armlib\c_w.l(defsig_stak_inner.o) ABSOLUTE
    ../clib/signal.c                         0x00000000   Number         0  D:\KeilC\Core\ARM\ARMCLANG\Bin\..\lib\armlib\c_w.l(defsig_pvfn_inner.o) ABSOLUTE
    ../clib/signal.c                         0x00000000   Number         0  D:\KeilC\Core\ARM\ARMCLANG\Bin\..\lib\armlib\c_w.l(defsig_cppl_inner.o) ABSOLUTE
    ../clib/signal.c                         0x00000000   Number         0  D:\KeilC\Core\ARM\ARMCLANG\Bin\..\lib\armlib\c_w.l(defsig_segv_inner.o) ABSOLUTE
    ../clib/signal.c                         0x00000000   Number         0  D:\KeilC\Core\ARM\ARMCLANG\Bin\..\lib\armlib\c_w.l(defsig_other.o) ABSOLUTE
    ../clib/signal.s                         0x00000000   Number         0  D:\KeilC\Core\ARM\ARMCLANG\Bin\..\lib\armlib\c_w.l(defsig.o) ABSOLUTE
    ../clib/stdlib.c                         0x00000000   Number         0  D:\KeilC\Core\ARM\ARMCLANG\Bin\..\lib\armlib\c_w.l(exit.o) ABSOLUTE
    ../fplib/fpinit.s                        0x00000000   Number         0  D:\KeilC\Core\ARM\ARMCLANG\Bin\..\lib\armlib\fz_ws.l(fpinit.o) ABSOLUTE
    ../fplib/fpinit_empty.s                  0x00000000   Number         0  D:\KeilC\Core\ARM\ARMCLANG\Bin\..\lib\armlib\fz_ws.l(fpinit_empty.o) ABSOLUTE
    dac.c                                    0x00000000   Number         0  lab 6\dac.o ABSOLUTE
    dc.s                                     0x00000000   Number         0  D:\KeilC\Core\ARM\ARMCLANG\Bin\..\lib\armlib\c_w.l(dc.o) ABSOLUTE
    key.c                                    0x00000000   Number         0  lab 6\key.o ABSOLUTE
    main.c                                   0x00000000   Number         0  lab 6\main.o ABSOLUTE
    sound.c                                  0x00000000   Number         0  lab 6\sound.o ABSOLUTE
    startup_stm32f103xb.s                    0x00000000   Number         0  lab 6\startup_stm32f103xb.o ABSOLUTE
    stm32f1xx_hal.c                          0x00000000   Number         0  lab 6\stm32f1xx_hal.o ABSOLUTE
    stm32f1xx_hal_cortex.c                   0x00000000   Number         0  lab 6\stm32f1xx_hal_cortex.o ABSOLUTE
    stm32f1xx_hal_dma.c                      0x00000000   Number         0  lab 6\stm32f1xx_hal_dma.o ABSOLUTE
    stm32f1xx_hal_exti.c                     0x00000000   Number         0  lab 6\stm32f1xx_hal_exti.o ABSOLUTE
    stm32f1xx_hal_flash.c                    0x00000000   Number         0  lab 6\stm32f1xx_hal_flash.o ABSOLUTE
    stm32f1xx_hal_flash_ex.c                 0x00000000   Number         0  lab 6\stm32f1xx_hal_flash_ex.o ABSOLUTE
    stm32f1xx_hal_gpio.c                     0x00000000   Number         0  lab 6\stm32f1xx_hal_gpio.o ABSOLUTE
    stm32f1xx_hal_gpio_ex.c                  0x00000000   Number         0  lab 6\stm32f1xx_hal_gpio_ex.o ABSOLUTE
    stm32f1xx_hal_msp.c                      0x00000000   Number         0  lab 6\stm32f1xx_hal_msp.o ABSOLUTE
    stm32f1xx_hal_pwr.c                      0x00000000   Number         0  lab 6\stm32f1xx_hal_pwr.o ABSOLUTE
    stm32f1xx_hal_rcc.c                      0x00000000   Number         0  lab 6\stm32f1xx_hal_rcc.o ABSOLUTE
    stm32f1xx_hal_rcc_ex.c                   0x00000000   Number         0  lab 6\stm32f1xx_hal_rcc_ex.o ABSOLUTE
    stm32f1xx_hal_tim.c                      0x00000000   Number         0  lab 6\stm32f1xx_hal_tim.o ABSOLUTE
    stm32f1xx_hal_tim_ex.c                   0x00000000   Number         0  lab 6\stm32f1xx_hal_tim_ex.o ABSOLUTE
    stm32f1xx_it.c                           0x00000000   Number         0  lab 6\stm32f1xx_it.o ABSOLUTE
    system_stm32f1xx.c                       0x00000000   Number         0  lab 6\system_stm32f1xx.o ABSOLUTE
    RESET                                    0x08000000   Section      236  lab 6\startup_stm32f103xb.o(RESET)
    !!!main                                  0x080000ec   Section        8  D:\KeilC\Core\ARM\ARMCLANG\Bin\..\lib\armlib\c_w.l(__main.o)(!!!main)
    !!!scatter                               0x080000f4   Section       52  D:\KeilC\Core\ARM\ARMCLANG\Bin\..\lib\armlib\c_w.l(__scatter.o)(!!!scatter)
    !!handler_copy                           0x08000128   Section       26  D:\KeilC\Core\ARM\ARMCLANG\Bin\..\lib\armlib\c_w.l(__scatter_copy.o)(!!handler_copy)
    !!handler_zi                             0x08000144   Section       28  D:\KeilC\Core\ARM\ARMCLANG\Bin\..\lib\armlib\c_w.l(__scatter_zi.o)(!!handler_zi)
    .ARM.Collect$$libinit$$00000000          0x08000160   Section        2  D:\KeilC\Core\ARM\ARMCLANG\Bin\..\lib\armlib\c_w.l(libinit.o)(.ARM.Collect$$libinit$$00000000)
    .ARM.Collect$$libinit$$00000002          0x08000162   Section        0  D:\KeilC\Core\ARM\ARMCLANG\Bin\..\lib\armlib\c_w.l(libinit2.o)(.ARM.Collect$$libinit$$00000002)
    .ARM.Collect$$libinit$$00000004          0x08000162   Section        0  D:\KeilC\Core\ARM\ARMCLANG\Bin\..\lib\armlib\c_w.l(libinit2.o)(.ARM.Collect$$libinit$$00000004)
    .ARM.Collect$$libinit$$00000006          0x08000162   Section        0  D:\KeilC\Core\ARM\ARMCLANG\Bin\..\lib\armlib\c_w.l(libinit2.o)(.ARM.Collect$$libinit$$00000006)
    .ARM.Collect$$libinit$$0000000C          0x08000162   Section        0  D:\KeilC\Core\ARM\ARMCLANG\Bin\..\lib\armlib\c_w.l(libinit2.o)(.ARM.Collect$$libinit$$0000000C)
    .ARM.Collect$$libinit$$0000000E          0x08000162   Section        0  D:\KeilC\Core\ARM\ARMCLANG\Bin\..\lib\armlib\c_w.l(libinit2.o)(.ARM.Collect$$libinit$$0000000E)
    .ARM.Collect$$libinit$$00000010          0x08000162   Section        0  D:\KeilC\Core\ARM\ARMCLANG\Bin\..\lib\armlib\c_w.l(libinit2.o)(.ARM.Collect$$libinit$$00000010)
    .ARM.Collect$$libinit$$00000013          0x08000162   Section        0  D:\KeilC\Core\ARM\ARMCLANG\Bin\..\lib\armlib\c_w.l(libinit2.o)(.ARM.Collect$$libinit$$00000013)
    .ARM.Collect$$libinit$$00000015          0x08000162   Section        0  D:\KeilC\Core\ARM\ARMCLANG\Bin\..\lib\armlib\c_w.l(libinit2.o)(.ARM.Collect$$libinit$$00000015)
    .ARM.Collect$$libinit$$00000017          0x08000162   Section        0  D:\KeilC\Core\ARM\ARMCLANG\Bin\..\lib\armlib\c_w.l(libinit2.o)(.ARM.Collect$$libinit$$00000017)
    .ARM.Collect$$libinit$$00000019          0x08000162   Section        0  D:\KeilC\Core\ARM\ARMCLANG\Bin\..\lib\armlib\c_w.l(libinit2.o)(.ARM.Collect$$libinit$$00000019)
    .ARM.Collect$$libinit$$0000001B          0x08000162   Section        0  D:\KeilC\Core\ARM\ARMCLANG\Bin\..\lib\armlib\c_w.l(libinit2.o)(.ARM.Collect$$libinit$$0000001B)
    .ARM.Collect$$libinit$$0000001D          0x08000162   Section        0  D:\KeilC\Core\ARM\ARMCLANG\Bin\..\lib\armlib\c_w.l(libinit2.o)(.ARM.Collect$$libinit$$0000001D)
    .ARM.Collect$$libinit$$0000001F          0x08000162   Section        0  D:\KeilC\Core\ARM\ARMCLANG\Bin\..\lib\armlib\c_w.l(libinit2.o)(.ARM.Collect$$libinit$$0000001F)
    .ARM.Collect$$libinit$$00000021          0x08000162   Section        0  D:\KeilC\Core\ARM\ARMCLANG\Bin\..\lib\armlib\c_w.l(libinit2.o)(.ARM.Collect$$libinit$$00000021)
    .ARM.Collect$$libinit$$00000023          0x08000162   Section        0  D:\KeilC\Core\ARM\ARMCLANG\Bin\..\lib\armlib\c_w.l(libinit2.o)(.ARM.Collect$$libinit$$00000023)
    .ARM.Collect$$libinit$$00000025          0x08000162   Section        0  D:\KeilC\Core\ARM\ARMCLANG\Bin\..\lib\armlib\c_w.l(libinit2.o)(.ARM.Collect$$libinit$$00000025)
    .ARM.Collect$$libinit$$00000027          0x08000162   Section        0  D:\KeilC\Core\ARM\ARMCLANG\Bin\..\lib\armlib\c_w.l(libinit2.o)(.ARM.Collect$$libinit$$00000027)
    .ARM.Collect$$libinit$$0000002E          0x08000162   Section        0  D:\KeilC\Core\ARM\ARMCLANG\Bin\..\lib\armlib\c_w.l(libinit2.o)(.ARM.Collect$$libinit$$0000002E)
    .ARM.Collect$$libinit$$00000030          0x08000162   Section        0  D:\KeilC\Core\ARM\ARMCLANG\Bin\..\lib\armlib\c_w.l(libinit2.o)(.ARM.Collect$$libinit$$00000030)
    .ARM.Collect$$libinit$$00000032          0x08000162   Section        0  D:\KeilC\Core\ARM\ARMCLANG\Bin\..\lib\armlib\c_w.l(libinit2.o)(.ARM.Collect$$libinit$$00000032)
    .ARM.Collect$$libinit$$00000034          0x08000162   Section        0  D:\KeilC\Core\ARM\ARMCLANG\Bin\..\lib\armlib\c_w.l(libinit2.o)(.ARM.Collect$$libinit$$00000034)
    .ARM.Collect$$libinit$$00000035          0x08000162   Section        2  D:\KeilC\Core\ARM\ARMCLANG\Bin\..\lib\armlib\c_w.l(libinit2.o)(.ARM.Collect$$libinit$$00000035)
    .ARM.Collect$$libshutdown$$00000000      0x08000164   Section        2  D:\KeilC\Core\ARM\ARMCLANG\Bin\..\lib\armlib\c_w.l(libshutdown.o)(.ARM.Collect$$libshutdown$$00000000)
    .ARM.Collect$$libshutdown$$00000002      0x08000166   Section        0  D:\KeilC\Core\ARM\ARMCLANG\Bin\..\lib\armlib\c_w.l(libshutdown2.o)(.ARM.Collect$$libshutdown$$00000002)
    .ARM.Collect$$libshutdown$$00000004      0x08000166   Section        0  D:\KeilC\Core\ARM\ARMCLANG\Bin\..\lib\armlib\c_w.l(libshutdown2.o)(.ARM.Collect$$libshutdown$$00000004)
    .ARM.Collect$$libshutdown$$00000007      0x08000166   Section        0  D:\KeilC\Core\ARM\ARMCLANG\Bin\..\lib\armlib\c_w.l(libshutdown2.o)(.ARM.Collect$$libshutdown$$00000007)
    .ARM.Collect$$libshutdown$$0000000A      0x08000166   Section        0  D:\KeilC\Core\ARM\ARMCLANG\Bin\..\lib\armlib\c_w.l(libshutdown2.o)(.ARM.Collect$$libshutdown$$0000000A)
    .ARM.Collect$$libshutdown$$0000000C      0x08000166   Section        0  D:\KeilC\Core\ARM\ARMCLANG\Bin\..\lib\armlib\c_w.l(libshutdown2.o)(.ARM.Collect$$libshutdown$$0000000C)
    .ARM.Collect$$libshutdown$$0000000F      0x08000166   Section        0  D:\KeilC\Core\ARM\ARMCLANG\Bin\..\lib\armlib\c_w.l(libshutdown2.o)(.ARM.Collect$$libshutdown$$0000000F)
    .ARM.Collect$$libshutdown$$00000010      0x08000166   Section        2  D:\KeilC\Core\ARM\ARMCLANG\Bin\..\lib\armlib\c_w.l(libshutdown2.o)(.ARM.Collect$$libshutdown$$00000010)
    .ARM.Collect$$rtentry$$00000000          0x08000168   Section        0  D:\KeilC\Core\ARM\ARMCLANG\Bin\..\lib\armlib\c_w.l(__rtentry.o)(.ARM.Collect$$rtentry$$00000000)
    .ARM.Collect$$rtentry$$00000002          0x08000168   Section        0  D:\KeilC\Core\ARM\ARMCLANG\Bin\..\lib\armlib\c_w.l(__rtentry2.o)(.ARM.Collect$$rtentry$$00000002)
    .ARM.Collect$$rtentry$$00000004          0x08000168   Section        6  D:\KeilC\Core\ARM\ARMCLANG\Bin\..\lib\armlib\c_w.l(__rtentry4.o)(.ARM.Collect$$rtentry$$00000004)
    .ARM.Collect$$rtentry$$00000009          0x0800016e   Section        0  D:\KeilC\Core\ARM\ARMCLANG\Bin\..\lib\armlib\c_w.l(__rtentry2.o)(.ARM.Collect$$rtentry$$00000009)
    .ARM.Collect$$rtentry$$0000000A          0x0800016e   Section        4  D:\KeilC\Core\ARM\ARMCLANG\Bin\..\lib\armlib\c_w.l(__rtentry2.o)(.ARM.Collect$$rtentry$$0000000A)
    .ARM.Collect$$rtentry$$0000000C          0x08000172   Section        0  D:\KeilC\Core\ARM\ARMCLANG\Bin\..\lib\armlib\c_w.l(__rtentry2.o)(.ARM.Collect$$rtentry$$0000000C)
    .ARM.Collect$$rtentry$$0000000D          0x08000172   Section        8  D:\KeilC\Core\ARM\ARMCLANG\Bin\..\lib\armlib\c_w.l(__rtentry2.o)(.ARM.Collect$$rtentry$$0000000D)
    .ARM.Collect$$rtexit$$00000000           0x0800017a   Section        2  D:\KeilC\Core\ARM\ARMCLANG\Bin\..\lib\armlib\c_w.l(rtexit.o)(.ARM.Collect$$rtexit$$00000000)
    .ARM.Collect$$rtexit$$00000002           0x0800017c   Section        0  D:\KeilC\Core\ARM\ARMCLANG\Bin\..\lib\armlib\c_w.l(rtexit2.o)(.ARM.Collect$$rtexit$$00000002)
    .ARM.Collect$$rtexit$$00000003           0x0800017c   Section        4  D:\KeilC\Core\ARM\ARMCLANG\Bin\..\lib\armlib\c_w.l(rtexit2.o)(.ARM.Collect$$rtexit$$00000003)
    .ARM.Collect$$rtexit$$00000004           0x08000180   Section        6  D:\KeilC\Core\ARM\ARMCLANG\Bin\..\lib\armlib\c_w.l(rtexit2.o)(.ARM.Collect$$rtexit$$00000004)
    .text                                    0x08000188   Section       64  lab 6\startup_stm32f103xb.o(.text)
    .text                                    0x080001c8   Section        0  D:\KeilC\Core\ARM\ARMCLANG\Bin\..\lib\armlib\c_w.l(heapauxi.o)(.text)
    .text                                    0x080001ce   Section       74  D:\KeilC\Core\ARM\ARMCLANG\Bin\..\lib\armlib\c_w.l(sys_stackheap_outer.o)(.text)
    .text                                    0x08000218   Section        0  D:\KeilC\Core\ARM\ARMCLANG\Bin\..\lib\armlib\c_w.l(exit.o)(.text)
    .text                                    0x0800022c   Section        8  D:\KeilC\Core\ARM\ARMCLANG\Bin\..\lib\armlib\c_w.l(libspace.o)(.text)
    .text                                    0x08000234   Section        0  D:\KeilC\Core\ARM\ARMCLANG\Bin\..\lib\armlib\c_w.l(sys_exit.o)(.text)
    .text                                    0x08000240   Section        2  D:\KeilC\Core\ARM\ARMCLANG\Bin\..\lib\armlib\c_w.l(use_no_semi.o)(.text)
    .text                                    0x08000242   Section        0  D:\KeilC\Core\ARM\ARMCLANG\Bin\..\lib\armlib\c_w.l(indicate_semi.o)(.text)
    [Anonymous Symbol]                       0x08000244   Section        0  lab 6\stm32f1xx_it.o(.text.BusFault_Handler)
    [Anonymous Symbol]                       0x08000248   Section        0  lab 6\dac.o(.text.DAC_Init)
    [Anonymous Symbol]                       0x08000288   Section        0  lab 6\dac.o(.text.DAC_Out)
    [Anonymous Symbol]                       0x080002a4   Section        0  lab 6\stm32f1xx_it.o(.text.DebugMon_Handler)
    [Anonymous Symbol]                       0x080002a8   Section        0  lab 6\stm32f1xx_hal_gpio.o(.text.HAL_GPIO_Init)
    [Anonymous Symbol]                       0x080004c4   Section        0  lab 6\stm32f1xx_hal.o(.text.HAL_GetTick)
    [Anonymous Symbol]                       0x080004d0   Section        0  lab 6\stm32f1xx_hal.o(.text.HAL_Init)
    [Anonymous Symbol]                       0x080004f8   Section        0  lab 6\stm32f1xx_hal.o(.text.HAL_InitTick)
    [Anonymous Symbol]                       0x08000540   Section        0  lab 6\stm32f1xx_hal_msp.o(.text.HAL_MspInit)
    [Anonymous Symbol]                       0x08000574   Section        0  lab 6\stm32f1xx_hal_cortex.o(.text.HAL_NVIC_SetPriority)
    [Anonymous Symbol]                       0x080005cc   Section        0  lab 6\stm32f1xx_hal_cortex.o(.text.HAL_NVIC_SetPriorityGrouping)
    [Anonymous Symbol]                       0x080005ec   Section        0  lab 6\stm32f1xx_hal_rcc.o(.text.HAL_RCC_ClockConfig)
    [Anonymous Symbol]                       0x080007ac   Section        0  lab 6\stm32f1xx_hal_rcc.o(.text.HAL_RCC_OscConfig)
    [Anonymous Symbol]                       0x08000b60   Section        0  lab 6\stm32f1xx_hal_cortex.o(.text.HAL_SYSTICK_Config)
    [Anonymous Symbol]                       0x08000b8c   Section        0  lab 6\stm32f1xx_it.o(.text.HardFault_Handler)
    [Anonymous Symbol]                       0x08000b90   Section        0  lab 6\key.o(.text.Key_In)
    [Anonymous Symbol]                       0x08000ba0   Section        0  lab 6\key.o(.text.Key_Init)
    [Anonymous Symbol]                       0x08000be4   Section        0  lab 6\stm32f1xx_it.o(.text.MemManage_Handler)
    [Anonymous Symbol]                       0x08000be8   Section        0  lab 6\stm32f1xx_it.o(.text.NMI_Handler)
    [Anonymous Symbol]                       0x08000bec   Section        0  lab 6\stm32f1xx_it.o(.text.PendSV_Handler)
    [Anonymous Symbol]                       0x08000bf0   Section        0  lab 6\stm32f1xx_it.o(.text.SVC_Handler)
    [Anonymous Symbol]                       0x08000bf4   Section        0  lab 6\sound.o(.text.Sound_Init)
    [Anonymous Symbol]                       0x08000c24   Section        0  lab 6\sound.o(.text.Sound_Start)
    [Anonymous Symbol]                       0x08000c34   Section        0  lab 6\sound.o(.text.SysTick_Handler)
    [Anonymous Symbol]                       0x08000c5c   Section        0  lab 6\system_stm32f1xx.o(.text.SystemInit)
    [Anonymous Symbol]                       0x08000c60   Section        0  lab 6\stm32f1xx_it.o(.text.UsageFault_Handler)
    [Anonymous Symbol]                       0x08000c64   Section        0  lab 6\main.o(.text.main)
    HAL_RCC_GetSysClockFreq.aPredivFactorTable 0x08000d28   Data           2  lab 6\stm32f1xx_hal_rcc.o(.rodata.HAL_RCC_GetSysClockFreq.aPredivFactorTable)
    [Anonymous Symbol]                       0x08000d28   Section        0  lab 6\stm32f1xx_hal_rcc.o(.rodata.HAL_RCC_GetSysClockFreq.aPredivFactorTable)
    HAL_RCC_GetSysClockFreq.aPLLMULFactorTable 0x08000d2a   Data          16  lab 6\stm32f1xx_hal_rcc.o(.rodata.cst16)
    [Anonymous Symbol]                       0x08000d2a   Section        0  lab 6\stm32f1xx_hal_rcc.o(.rodata.cst16)
    .L_MergedGlobals                         0x20000000   Data           8  lab 6\stm32f1xx_hal.o(.data..L_MergedGlobals)
    [Anonymous Symbol]                       0x20000000   Section        0  lab 6\stm32f1xx_hal.o(.data..L_MergedGlobals)
    .bss                                     0x20000010   Section       96  D:\KeilC\Core\ARM\ARMCLANG\Bin\..\lib\armlib\c_w.l(libspace.o)(.bss)
    Heap_Mem                                 0x20000078   Data         512  lab 6\startup_stm32f103xb.o(HEAP)
    HEAP                                     0x20000078   Section      512  lab 6\startup_stm32f103xb.o(HEAP)
    Stack_Mem                                0x20000278   Data        1024  lab 6\startup_stm32f103xb.o(STACK)
    STACK                                    0x20000278   Section     1024  lab 6\startup_stm32f103xb.o(STACK)
    __initial_sp                             0x20000678   Data           0  lab 6\startup_stm32f103xb.o(STACK)

    Global Symbols

    Symbol Name                              Value     Ov Type        Size  Object(Section)

    BuildAttributes$$THM_ISAv4$P$D$K$B$S$PE$A:L22UL41UL21$X:L11$S22US41US21$IEEE1$IW$~IW$USESV6$~STKCKD$USESV7$~SHL$OTIME$ROPI$EBA8$UX$STANDARDLIB$REQ8$PRES8$EABIv2 0x00000000   Number         0  anon$$obj.o ABSOLUTE
    __fp_init_empty                          0x00000000   Number         0  D:\KeilC\Core\ARM\ARMCLANG\Bin\..\lib\armlib\fz_ws.l(fpinit_empty.o) ABSOLUTE
    __ARM_exceptions_init                     - Undefined Weak Reference
    __alloca_initialize                       - Undefined Weak Reference
    __arm_preinit_                            - Undefined Weak Reference
    __arm_relocate_pie_                       - Undefined Weak Reference
    __cpp_initialize__aeabi_                  - Undefined Weak Reference
    __cxa_finalize                            - Undefined Weak Reference
    __rt_locale                               - Undefined Weak Reference
    __sigvec_lookup                           - Undefined Weak Reference
    _atexit_init                              - Undefined Weak Reference
    _call_atexit_fns                          - Undefined Weak Reference
    _clock_init                               - Undefined Weak Reference
    _fp_trap_init                             - Undefined Weak Reference
    _fp_trap_shutdown                         - Undefined Weak Reference
    _get_lc_collate                           - Undefined Weak Reference
    _get_lc_ctype                             - Undefined Weak Reference
    _get_lc_monetary                          - Undefined Weak Reference
    _get_lc_numeric                           - Undefined Weak Reference
    _get_lc_time                              - Undefined Weak Reference
    _getenv_init                              - Undefined Weak Reference
    _handle_redirection                       - Undefined Weak Reference
    _init_alloc                               - Undefined Weak Reference
    _init_user_alloc                          - Undefined Weak Reference
    _initio                                   - Undefined Weak Reference
    _rand_init                                - Undefined Weak Reference
    _signal_finish                            - Undefined Weak Reference
    _signal_init                              - Undefined Weak Reference
    _terminate_alloc                          - Undefined Weak Reference
    _terminate_user_alloc                     - Undefined Weak Reference
    _terminateio                              - Undefined Weak Reference
    __Vectors_Size                           0x000000ec   Number         0  lab 6\startup_stm32f103xb.o ABSOLUTE
    __Vectors                                0x08000000   Data           4  lab 6\startup_stm32f103xb.o(RESET)
    __Vectors_End                            0x080000ec   Data           0  lab 6\startup_stm32f103xb.o(RESET)
    __main                                   0x080000ed   Thumb Code     8  D:\KeilC\Core\ARM\ARMCLANG\Bin\..\lib\armlib\c_w.l(__main.o)(!!!main)
    __scatterload                            0x080000f5   Thumb Code     0  D:\KeilC\Core\ARM\ARMCLANG\Bin\..\lib\armlib\c_w.l(__scatter.o)(!!!scatter)
    __scatterload_rt2                        0x080000f5   Thumb Code    44  D:\KeilC\Core\ARM\ARMCLANG\Bin\..\lib\armlib\c_w.l(__scatter.o)(!!!scatter)
    __scatterload_rt2_thumb_only             0x080000f5   Thumb Code     0  D:\KeilC\Core\ARM\ARMCLANG\Bin\..\lib\armlib\c_w.l(__scatter.o)(!!!scatter)
    __scatterload_null                       0x08000103   Thumb Code     0  D:\KeilC\Core\ARM\ARMCLANG\Bin\..\lib\armlib\c_w.l(__scatter.o)(!!!scatter)
    __scatterload_copy                       0x08000129   Thumb Code    26  D:\KeilC\Core\ARM\ARMCLANG\Bin\..\lib\armlib\c_w.l(__scatter_copy.o)(!!handler_copy)
    __scatterload_zeroinit                   0x08000145   Thumb Code    28  D:\KeilC\Core\ARM\ARMCLANG\Bin\..\lib\armlib\c_w.l(__scatter_zi.o)(!!handler_zi)
    __rt_lib_init                            0x08000161   Thumb Code     0  D:\KeilC\Core\ARM\ARMCLANG\Bin\..\lib\armlib\c_w.l(libinit.o)(.ARM.Collect$$libinit$$00000000)
    __rt_lib_init_alloca_1                   0x08000163   Thumb Code     0  D:\KeilC\Core\ARM\ARMCLANG\Bin\..\lib\armlib\c_w.l(libinit2.o)(.ARM.Collect$$libinit$$00000030)
    __rt_lib_init_argv_1                     0x08000163   Thumb Code     0  D:\KeilC\Core\ARM\ARMCLANG\Bin\..\lib\armlib\c_w.l(libinit2.o)(.ARM.Collect$$libinit$$0000002E)
    __rt_lib_init_atexit_1                   0x08000163   Thumb Code     0  D:\KeilC\Core\ARM\ARMCLANG\Bin\..\lib\armlib\c_w.l(libinit2.o)(.ARM.Collect$$libinit$$0000001D)
    __rt_lib_init_clock_1                    0x08000163   Thumb Code     0  D:\KeilC\Core\ARM\ARMCLANG\Bin\..\lib\armlib\c_w.l(libinit2.o)(.ARM.Collect$$libinit$$00000023)
    __rt_lib_init_cpp_1                      0x08000163   Thumb Code     0  D:\KeilC\Core\ARM\ARMCLANG\Bin\..\lib\armlib\c_w.l(libinit2.o)(.ARM.Collect$$libinit$$00000034)
    __rt_lib_init_exceptions_1               0x08000163   Thumb Code     0  D:\KeilC\Core\ARM\ARMCLANG\Bin\..\lib\armlib\c_w.l(libinit2.o)(.ARM.Collect$$libinit$$00000032)
    __rt_lib_init_fp_1                       0x08000163   Thumb Code     0  D:\KeilC\Core\ARM\ARMCLANG\Bin\..\lib\armlib\c_w.l(libinit2.o)(.ARM.Collect$$libinit$$00000002)
    __rt_lib_init_fp_trap_1                  0x08000163   Thumb Code     0  D:\KeilC\Core\ARM\ARMCLANG\Bin\..\lib\armlib\c_w.l(libinit2.o)(.ARM.Collect$$libinit$$00000021)
    __rt_lib_init_getenv_1                   0x08000163   Thumb Code     0  D:\KeilC\Core\ARM\ARMCLANG\Bin\..\lib\armlib\c_w.l(libinit2.o)(.ARM.Collect$$libinit$$00000025)
    __rt_lib_init_heap_1                     0x08000163   Thumb Code     0  D:\KeilC\Core\ARM\ARMCLANG\Bin\..\lib\armlib\c_w.l(libinit2.o)(.ARM.Collect$$libinit$$0000000C)
    __rt_lib_init_lc_collate_1               0x08000163   Thumb Code     0  D:\KeilC\Core\ARM\ARMCLANG\Bin\..\lib\armlib\c_w.l(libinit2.o)(.ARM.Collect$$libinit$$00000013)
    __rt_lib_init_lc_ctype_1                 0x08000163   Thumb Code     0  D:\KeilC\Core\ARM\ARMCLANG\Bin\..\lib\armlib\c_w.l(libinit2.o)(.ARM.Collect$$libinit$$00000015)
    __rt_lib_init_lc_monetary_1              0x08000163   Thumb Code     0  D:\KeilC\Core\ARM\ARMCLANG\Bin\..\lib\armlib\c_w.l(libinit2.o)(.ARM.Collect$$libinit$$00000017)
    __rt_lib_init_lc_numeric_1               0x08000163   Thumb Code     0  D:\KeilC\Core\ARM\ARMCLANG\Bin\..\lib\armlib\c_w.l(libinit2.o)(.ARM.Collect$$libinit$$00000019)
    __rt_lib_init_lc_time_1                  0x08000163   Thumb Code     0  D:\KeilC\Core\ARM\ARMCLANG\Bin\..\lib\armlib\c_w.l(libinit2.o)(.ARM.Collect$$libinit$$0000001B)
    __rt_lib_init_preinit_1                  0x08000163   Thumb Code     0  D:\KeilC\Core\ARM\ARMCLANG\Bin\..\lib\armlib\c_w.l(libinit2.o)(.ARM.Collect$$libinit$$00000006)
    __rt_lib_init_rand_1                     0x08000163   Thumb Code     0  D:\KeilC\Core\ARM\ARMCLANG\Bin\..\lib\armlib\c_w.l(libinit2.o)(.ARM.Collect$$libinit$$00000010)
    __rt_lib_init_relocate_pie_1             0x08000163   Thumb Code     0  D:\KeilC\Core\ARM\ARMCLANG\Bin\..\lib\armlib\c_w.l(libinit2.o)(.ARM.Collect$$libinit$$00000004)
    __rt_lib_init_return                     0x08000163   Thumb Code     0  D:\KeilC\Core\ARM\ARMCLANG\Bin\..\lib\armlib\c_w.l(libinit2.o)(.ARM.Collect$$libinit$$00000035)
    __rt_lib_init_signal_1                   0x08000163   Thumb Code     0  D:\KeilC\Core\ARM\ARMCLANG\Bin\..\lib\armlib\c_w.l(libinit2.o)(.ARM.Collect$$libinit$$0000001F)
    __rt_lib_init_stdio_1                    0x08000163   Thumb Code     0  D:\KeilC\Core\ARM\ARMCLANG\Bin\..\lib\armlib\c_w.l(libinit2.o)(.ARM.Collect$$libinit$$00000027)
    __rt_lib_init_user_alloc_1               0x08000163   Thumb Code     0  D:\KeilC\Core\ARM\ARMCLANG\Bin\..\lib\armlib\c_w.l(libinit2.o)(.ARM.Collect$$libinit$$0000000E)
    __rt_lib_shutdown                        0x08000165   Thumb Code     0  D:\KeilC\Core\ARM\ARMCLANG\Bin\..\lib\armlib\c_w.l(libshutdown.o)(.ARM.Collect$$libshutdown$$00000000)
    __rt_lib_shutdown_cpp_1                  0x08000167   Thumb Code     0  D:\KeilC\Core\ARM\ARMCLANG\Bin\..\lib\armlib\c_w.l(libshutdown2.o)(.ARM.Collect$$libshutdown$$00000002)
    __rt_lib_shutdown_fp_trap_1              0x08000167   Thumb Code     0  D:\KeilC\Core\ARM\ARMCLANG\Bin\..\lib\armlib\c_w.l(libshutdown2.o)(.ARM.Collect$$libshutdown$$00000007)
    __rt_lib_shutdown_heap_1                 0x08000167   Thumb Code     0  D:\KeilC\Core\ARM\ARMCLANG\Bin\..\lib\armlib\c_w.l(libshutdown2.o)(.ARM.Collect$$libshutdown$$0000000F)
    __rt_lib_shutdown_return                 0x08000167   Thumb Code     0  D:\KeilC\Core\ARM\ARMCLANG\Bin\..\lib\armlib\c_w.l(libshutdown2.o)(.ARM.Collect$$libshutdown$$00000010)
    __rt_lib_shutdown_signal_1               0x08000167   Thumb Code     0  D:\KeilC\Core\ARM\ARMCLANG\Bin\..\lib\armlib\c_w.l(libshutdown2.o)(.ARM.Collect$$libshutdown$$0000000A)
    __rt_lib_shutdown_stdio_1                0x08000167   Thumb Code     0  D:\KeilC\Core\ARM\ARMCLANG\Bin\..\lib\armlib\c_w.l(libshutdown2.o)(.ARM.Collect$$libshutdown$$00000004)
    __rt_lib_shutdown_user_alloc_1           0x08000167   Thumb Code     0  D:\KeilC\Core\ARM\ARMCLANG\Bin\..\lib\armlib\c_w.l(libshutdown2.o)(.ARM.Collect$$libshutdown$$0000000C)
    __rt_entry                               0x08000169   Thumb Code     0  D:\KeilC\Core\ARM\ARMCLANG\Bin\..\lib\armlib\c_w.l(__rtentry.o)(.ARM.Collect$$rtentry$$00000000)
    __rt_entry_presh_1                       0x08000169   Thumb Code     0  D:\KeilC\Core\ARM\ARMCLANG\Bin\..\lib\armlib\c_w.l(__rtentry2.o)(.ARM.Collect$$rtentry$$00000002)
    __rt_entry_sh                            0x08000169   Thumb Code     0  D:\KeilC\Core\ARM\ARMCLANG\Bin\..\lib\armlib\c_w.l(__rtentry4.o)(.ARM.Collect$$rtentry$$00000004)
    __rt_entry_li                            0x0800016f   Thumb Code     0  D:\KeilC\Core\ARM\ARMCLANG\Bin\..\lib\armlib\c_w.l(__rtentry2.o)(.ARM.Collect$$rtentry$$0000000A)
    __rt_entry_postsh_1                      0x0800016f   Thumb Code     0  D:\KeilC\Core\ARM\ARMCLANG\Bin\..\lib\armlib\c_w.l(__rtentry2.o)(.ARM.Collect$$rtentry$$00000009)
    __rt_entry_main                          0x08000173   Thumb Code     0  D:\KeilC\Core\ARM\ARMCLANG\Bin\..\lib\armlib\c_w.l(__rtentry2.o)(.ARM.Collect$$rtentry$$0000000D)
    __rt_entry_postli_1                      0x08000173   Thumb Code     0  D:\KeilC\Core\ARM\ARMCLANG\Bin\..\lib\armlib\c_w.l(__rtentry2.o)(.ARM.Collect$$rtentry$$0000000C)
    __rt_exit                                0x0800017b   Thumb Code     0  D:\KeilC\Core\ARM\ARMCLANG\Bin\..\lib\armlib\c_w.l(rtexit.o)(.ARM.Collect$$rtexit$$00000000)
    __rt_exit_ls                             0x0800017d   Thumb Code     0  D:\KeilC\Core\ARM\ARMCLANG\Bin\..\lib\armlib\c_w.l(rtexit2.o)(.ARM.Collect$$rtexit$$00000003)
    __rt_exit_prels_1                        0x0800017d   Thumb Code     0  D:\KeilC\Core\ARM\ARMCLANG\Bin\..\lib\armlib\c_w.l(rtexit2.o)(.ARM.Collect$$rtexit$$00000002)
    __rt_exit_exit                           0x08000181   Thumb Code     0  D:\KeilC\Core\ARM\ARMCLANG\Bin\..\lib\armlib\c_w.l(rtexit2.o)(.ARM.Collect$$rtexit$$00000004)
    Reset_Handler                            0x08000189   Thumb Code     8  lab 6\startup_stm32f103xb.o(.text)
    ADC1_2_IRQHandler                        0x080001a3   Thumb Code     0  lab 6\startup_stm32f103xb.o(.text)
    CAN1_RX1_IRQHandler                      0x080001a3   Thumb Code     0  lab 6\startup_stm32f103xb.o(.text)
    CAN1_SCE_IRQHandler                      0x080001a3   Thumb Code     0  lab 6\startup_stm32f103xb.o(.text)
    DMA1_Channel1_IRQHandler                 0x080001a3   Thumb Code     0  lab 6\startup_stm32f103xb.o(.text)
    DMA1_Channel2_IRQHandler                 0x080001a3   Thumb Code     0  lab 6\startup_stm32f103xb.o(.text)
    DMA1_Channel3_IRQHandler                 0x080001a3   Thumb Code     0  lab 6\startup_stm32f103xb.o(.text)
    DMA1_Channel4_IRQHandler                 0x080001a3   Thumb Code     0  lab 6\startup_stm32f103xb.o(.text)
    DMA1_Channel5_IRQHandler                 0x080001a3   Thumb Code     0  lab 6\startup_stm32f103xb.o(.text)
    DMA1_Channel6_IRQHandler                 0x080001a3   Thumb Code     0  lab 6\startup_stm32f103xb.o(.text)
    DMA1_Channel7_IRQHandler                 0x080001a3   Thumb Code     0  lab 6\startup_stm32f103xb.o(.text)
    EXTI0_IRQHandler                         0x080001a3   Thumb Code     0  lab 6\startup_stm32f103xb.o(.text)
    EXTI15_10_IRQHandler                     0x080001a3   Thumb Code     0  lab 6\startup_stm32f103xb.o(.text)
    EXTI1_IRQHandler                         0x080001a3   Thumb Code     0  lab 6\startup_stm32f103xb.o(.text)
    EXTI2_IRQHandler                         0x080001a3   Thumb Code     0  lab 6\startup_stm32f103xb.o(.text)
    EXTI3_IRQHandler                         0x080001a3   Thumb Code     0  lab 6\startup_stm32f103xb.o(.text)
    EXTI4_IRQHandler                         0x080001a3   Thumb Code     0  lab 6\startup_stm32f103xb.o(.text)
    EXTI9_5_IRQHandler                       0x080001a3   Thumb Code     0  lab 6\startup_stm32f103xb.o(.text)
    FLASH_IRQHandler                         0x080001a3   Thumb Code     0  lab 6\startup_stm32f103xb.o(.text)
    I2C1_ER_IRQHandler                       0x080001a3   Thumb Code     0  lab 6\startup_stm32f103xb.o(.text)
    I2C1_EV_IRQHandler                       0x080001a3   Thumb Code     0  lab 6\startup_stm32f103xb.o(.text)
    I2C2_ER_IRQHandler                       0x080001a3   Thumb Code     0  lab 6\startup_stm32f103xb.o(.text)
    I2C2_EV_IRQHandler                       0x080001a3   Thumb Code     0  lab 6\startup_stm32f103xb.o(.text)
    PVD_IRQHandler                           0x080001a3   Thumb Code     0  lab 6\startup_stm32f103xb.o(.text)
    RCC_IRQHandler                           0x080001a3   Thumb Code     0  lab 6\startup_stm32f103xb.o(.text)
    RTC_Alarm_IRQHandler                     0x080001a3   Thumb Code     0  lab 6\startup_stm32f103xb.o(.text)
    RTC_IRQHandler                           0x080001a3   Thumb Code     0  lab 6\startup_stm32f103xb.o(.text)
    SPI1_IRQHandler                          0x080001a3   Thumb Code     0  lab 6\startup_stm32f103xb.o(.text)
    SPI2_IRQHandler                          0x080001a3   Thumb Code     0  lab 6\startup_stm32f103xb.o(.text)
    TAMPER_IRQHandler                        0x080001a3   Thumb Code     0  lab 6\startup_stm32f103xb.o(.text)
    TIM1_BRK_IRQHandler                      0x080001a3   Thumb Code     0  lab 6\startup_stm32f103xb.o(.text)
    TIM1_CC_IRQHandler                       0x080001a3   Thumb Code     0  lab 6\startup_stm32f103xb.o(.text)
    TIM1_TRG_COM_IRQHandler                  0x080001a3   Thumb Code     0  lab 6\startup_stm32f103xb.o(.text)
    TIM1_UP_IRQHandler                       0x080001a3   Thumb Code     0  lab 6\startup_stm32f103xb.o(.text)
    TIM2_IRQHandler                          0x080001a3   Thumb Code     0  lab 6\startup_stm32f103xb.o(.text)
    TIM3_IRQHandler                          0x080001a3   Thumb Code     0  lab 6\startup_stm32f103xb.o(.text)
    TIM4_IRQHandler                          0x080001a3   Thumb Code     0  lab 6\startup_stm32f103xb.o(.text)
    USART1_IRQHandler                        0x080001a3   Thumb Code     0  lab 6\startup_stm32f103xb.o(.text)
    USART2_IRQHandler                        0x080001a3   Thumb Code     0  lab 6\startup_stm32f103xb.o(.text)
    USART3_IRQHandler                        0x080001a3   Thumb Code     0  lab 6\startup_stm32f103xb.o(.text)
    USBWakeUp_IRQHandler                     0x080001a3   Thumb Code     0  lab 6\startup_stm32f103xb.o(.text)
    USB_HP_CAN1_TX_IRQHandler                0x080001a3   Thumb Code     0  lab 6\startup_stm32f103xb.o(.text)
    USB_LP_CAN1_RX0_IRQHandler               0x080001a3   Thumb Code     0  lab 6\startup_stm32f103xb.o(.text)
    WWDG_IRQHandler                          0x080001a3   Thumb Code     0  lab 6\startup_stm32f103xb.o(.text)
    __user_initial_stackheap                 0x080001a5   Thumb Code     0  lab 6\startup_stm32f103xb.o(.text)
    __use_two_region_memory                  0x080001c9   Thumb Code     2  D:\KeilC\Core\ARM\ARMCLANG\Bin\..\lib\armlib\c_w.l(heapauxi.o)(.text)
    __rt_heap_escrow$2region                 0x080001cb   Thumb Code     2  D:\KeilC\Core\ARM\ARMCLANG\Bin\..\lib\armlib\c_w.l(heapauxi.o)(.text)
    __rt_heap_expand$2region                 0x080001cd   Thumb Code     2  D:\KeilC\Core\ARM\ARMCLANG\Bin\..\lib\armlib\c_w.l(heapauxi.o)(.text)
    __user_setup_stackheap                   0x080001cf   Thumb Code    74  D:\KeilC\Core\ARM\ARMCLANG\Bin\..\lib\armlib\c_w.l(sys_stackheap_outer.o)(.text)
    exit                                     0x08000219   Thumb Code    18  D:\KeilC\Core\ARM\ARMCLANG\Bin\..\lib\armlib\c_w.l(exit.o)(.text)
    __user_libspace                          0x0800022d   Thumb Code     8  D:\KeilC\Core\ARM\ARMCLANG\Bin\..\lib\armlib\c_w.l(libspace.o)(.text)
    __user_perproc_libspace                  0x0800022d   Thumb Code     0  D:\KeilC\Core\ARM\ARMCLANG\Bin\..\lib\armlib\c_w.l(libspace.o)(.text)
    __user_perthread_libspace                0x0800022d   Thumb Code     0  D:\KeilC\Core\ARM\ARMCLANG\Bin\..\lib\armlib\c_w.l(libspace.o)(.text)
    _sys_exit                                0x08000235   Thumb Code     8  D:\KeilC\Core\ARM\ARMCLANG\Bin\..\lib\armlib\c_w.l(sys_exit.o)(.text)
    __I$use$semihosting                      0x08000241   Thumb Code     0  D:\KeilC\Core\ARM\ARMCLANG\Bin\..\lib\armlib\c_w.l(use_no_semi.o)(.text)
    __use_no_semihosting_swi                 0x08000241   Thumb Code     2  D:\KeilC\Core\ARM\ARMCLANG\Bin\..\lib\armlib\c_w.l(use_no_semi.o)(.text)
    __semihosting_library_function           0x08000243   Thumb Code     0  D:\KeilC\Core\ARM\ARMCLANG\Bin\..\lib\armlib\c_w.l(indicate_semi.o)(.text)
    BusFault_Handler                         0x08000245   Thumb Code     2  lab 6\stm32f1xx_it.o(.text.BusFault_Handler)
    DAC_Init                                 0x08000249   Thumb Code    64  lab 6\dac.o(.text.DAC_Init)
    DAC_Out                                  0x08000289   Thumb Code    26  lab 6\dac.o(.text.DAC_Out)
    DebugMon_Handler                         0x080002a5   Thumb Code     2  lab 6\stm32f1xx_it.o(.text.DebugMon_Handler)
    HAL_GPIO_Init                            0x080002a9   Thumb Code   538  lab 6\stm32f1xx_hal_gpio.o(.text.HAL_GPIO_Init)
    HAL_GetTick                              0x080004c5   Thumb Code    12  lab 6\stm32f1xx_hal.o(.text.HAL_GetTick)
    HAL_Init                                 0x080004d1   Thumb Code    38  lab 6\stm32f1xx_hal.o(.text.HAL_Init)
    HAL_InitTick                             0x080004f9   Thumb Code    72  lab 6\stm32f1xx_hal.o(.text.HAL_InitTick)
    HAL_MspInit                              0x08000541   Thumb Code    50  lab 6\stm32f1xx_hal_msp.o(.text.HAL_MspInit)
    HAL_NVIC_SetPriority                     0x08000575   Thumb Code    86  lab 6\stm32f1xx_hal_cortex.o(.text.HAL_NVIC_SetPriority)
    HAL_NVIC_SetPriorityGrouping             0x080005cd   Thumb Code    32  lab 6\stm32f1xx_hal_cortex.o(.text.HAL_NVIC_SetPriorityGrouping)
    HAL_RCC_ClockConfig                      0x080005ed   Thumb Code   446  lab 6\stm32f1xx_hal_rcc.o(.text.HAL_RCC_ClockConfig)
    HAL_RCC_OscConfig                        0x080007ad   Thumb Code   948  lab 6\stm32f1xx_hal_rcc.o(.text.HAL_RCC_OscConfig)
    HAL_SYSTICK_Config                       0x08000b61   Thumb Code    44  lab 6\stm32f1xx_hal_cortex.o(.text.HAL_SYSTICK_Config)
    HardFault_Handler                        0x08000b8d   Thumb Code     2  lab 6\stm32f1xx_it.o(.text.HardFault_Handler)
    Key_In                                   0x08000b91   Thumb Code    16  lab 6\key.o(.text.Key_In)
    Key_Init                                 0x08000ba1   Thumb Code    66  lab 6\key.o(.text.Key_Init)
    MemManage_Handler                        0x08000be5   Thumb Code     2  lab 6\stm32f1xx_it.o(.text.MemManage_Handler)
    NMI_Handler                              0x08000be9   Thumb Code     2  lab 6\stm32f1xx_it.o(.text.NMI_Handler)
    PendSV_Handler                           0x08000bed   Thumb Code     2  lab 6\stm32f1xx_it.o(.text.PendSV_Handler)
    SVC_Handler                              0x08000bf1   Thumb Code     2  lab 6\stm32f1xx_it.o(.text.SVC_Handler)
    Sound_Init                               0x08000bf5   Thumb Code    46  lab 6\sound.o(.text.Sound_Init)
    Sound_Start                              0x08000c25   Thumb Code    14  lab 6\sound.o(.text.Sound_Start)
    SysTick_Handler                          0x08000c35   Thumb Code    38  lab 6\sound.o(.text.SysTick_Handler)
    SystemInit                               0x08000c5d   Thumb Code     2  lab 6\system_stm32f1xx.o(.text.SystemInit)
    UsageFault_Handler                       0x08000c61   Thumb Code     2  lab 6\stm32f1xx_it.o(.text.UsageFault_Handler)
    main                                     0x08000c65   Thumb Code    84  lab 6\main.o(.text.main)
    AHBPrescTable                            0x08000cd8   Data          16  lab 6\system_stm32f1xx.o(.rodata.AHBPrescTable)
    Bassoon                                  0x08000ce8   Data          64  lab 6\sound.o(.rodata.Bassoon)
    Region$$Table$$Base                      0x08000d3c   Number         0  anon$$obj.o(Region$$Table)
    Region$$Table$$Limit                     0x08000d5c   Number         0  anon$$obj.o(Region$$Table)
    uwTickFreq                               0x20000000   Data           1  lab 6\stm32f1xx_hal.o(.data..L_MergedGlobals)
    uwTickPrio                               0x20000004   Data           4  lab 6\stm32f1xx_hal.o(.data..L_MergedGlobals)
    SystemCoreClock                          0x20000008   Data           4  lab 6\system_stm32f1xx.o(.data.SystemCoreClock)
    __libspace_start                         0x20000010   Data          96  D:\KeilC\Core\ARM\ARMCLANG\Bin\..\lib\armlib\c_w.l(libspace.o)(.bss)
    Index                                    0x20000070   Data           4  lab 6\main.o(.bss.Index)
    __temporary_stack_top$libspace           0x20000070   Data           0  D:\KeilC\Core\ARM\ARMCLANG\Bin\..\lib\armlib\c_w.l(libspace.o)(.bss)
    uwTick                                   0x20000074   Data           4  lab 6\stm32f1xx_hal.o(.bss.uwTick)



==============================================================================

Memory Map of the image

  Image Entry point : 0x080000ed

  Load Region LR_IROM1 (Base: 0x08000000, Size: 0x00000d70, Max: 0x00010000, ABSOLUTE)

    Execution Region ER_IROM1 (Exec base: 0x08000000, Load base: 0x08000000, Size: 0x00000d5c, Max: 0x00010000, ABSOLUTE)

    Exec Addr    Load Addr    Size         Type   Attr      Idx    E Section Name        Object

    0x08000000   0x08000000   0x000000ec   Data   RO            3    RESET               lab 6\startup_stm32f103xb.o
    0x080000ec   0x080000ec   0x00000008   Code   RO          463  * !!!main             D:\KeilC\Core\ARM\ARMCLANG\Bin\..\lib\armlib\c_w.l(__main.o)
    0x080000f4   0x080000f4   0x00000034   Code   RO          628    !!!scatter          D:\KeilC\Core\ARM\ARMCLANG\Bin\..\lib\armlib\c_w.l(__scatter.o)
    0x08000128   0x08000128   0x0000001a   Code   RO          630    !!handler_copy      D:\KeilC\Core\ARM\ARMCLANG\Bin\..\lib\armlib\c_w.l(__scatter_copy.o)
    0x08000142   0x08000142   0x00000002   PAD
    0x08000144   0x08000144   0x0000001c   Code   RO          632    !!handler_zi        D:\KeilC\Core\ARM\ARMCLANG\Bin\..\lib\armlib\c_w.l(__scatter_zi.o)
    0x08000160   0x08000160   0x00000002   Code   RO          490    .ARM.Collect$$libinit$$00000000  D:\KeilC\Core\ARM\ARMCLANG\Bin\..\lib\armlib\c_w.l(libinit.o)
    0x08000162   0x08000162   0x00000000   Code   RO          497    .ARM.Collect$$libinit$$00000002  D:\KeilC\Core\ARM\ARMCLANG\Bin\..\lib\armlib\c_w.l(libinit2.o)
    0x08000162   0x08000162   0x00000000   Code   RO          499    .ARM.Collect$$libinit$$00000004  D:\KeilC\Core\ARM\ARMCLANG\Bin\..\lib\armlib\c_w.l(libinit2.o)
    0x08000162   0x08000162   0x00000000   Code   RO          501    .ARM.Collect$$libinit$$00000006  D:\KeilC\Core\ARM\ARMCLANG\Bin\..\lib\armlib\c_w.l(libinit2.o)
    0x08000162   0x08000162   0x00000000   Code   RO          504    .ARM.Collect$$libinit$$0000000C  D:\KeilC\Core\ARM\ARMCLANG\Bin\..\lib\armlib\c_w.l(libinit2.o)
    0x08000162   0x08000162   0x00000000   Code   RO          506    .ARM.Collect$$libinit$$0000000E  D:\KeilC\Core\ARM\ARMCLANG\Bin\..\lib\armlib\c_w.l(libinit2.o)
    0x08000162   0x08000162   0x00000000   Code   RO          508    .ARM.Collect$$libinit$$00000010  D:\KeilC\Core\ARM\ARMCLANG\Bin\..\lib\armlib\c_w.l(libinit2.o)
    0x08000162   0x08000162   0x00000000   Code   RO          511    .ARM.Collect$$libinit$$00000013  D:\KeilC\Core\ARM\ARMCLANG\Bin\..\lib\armlib\c_w.l(libinit2.o)
    0x08000162   0x08000162   0x00000000   Code   RO          513    .ARM.Collect$$libinit$$00000015  D:\KeilC\Core\ARM\ARMCLANG\Bin\..\lib\armlib\c_w.l(libinit2.o)
    0x08000162   0x08000162   0x00000000   Code   RO          515    .ARM.Collect$$libinit$$00000017  D:\KeilC\Core\ARM\ARMCLANG\Bin\..\lib\armlib\c_w.l(libinit2.o)
    0x08000162   0x08000162   0x00000000   Code   RO          517    .ARM.Collect$$libinit$$00000019  D:\KeilC\Core\ARM\ARMCLANG\Bin\..\lib\armlib\c_w.l(libinit2.o)
    0x08000162   0x08000162   0x00000000   Code   RO          519    .ARM.Collect$$libinit$$0000001B  D:\KeilC\Core\ARM\ARMCLANG\Bin\..\lib\armlib\c_w.l(libinit2.o)
    0x08000162   0x08000162   0x00000000   Code   RO          521    .ARM.Collect$$libinit$$0000001D  D:\KeilC\Core\ARM\ARMCLANG\Bin\..\lib\armlib\c_w.l(libinit2.o)
    0x08000162   0x08000162   0x00000000   Code   RO          523    .ARM.Collect$$libinit$$0000001F  D:\KeilC\Core\ARM\ARMCLANG\Bin\..\lib\armlib\c_w.l(libinit2.o)
    0x08000162   0x08000162   0x00000000   Code   RO          525    .ARM.Collect$$libinit$$00000021  D:\KeilC\Core\ARM\ARMCLANG\Bin\..\lib\armlib\c_w.l(libinit2.o)
    0x08000162   0x08000162   0x00000000   Code   RO          527    .ARM.Collect$$libinit$$00000023  D:\KeilC\Core\ARM\ARMCLANG\Bin\..\lib\armlib\c_w.l(libinit2.o)
    0x08000162   0x08000162   0x00000000   Code   RO          529    .ARM.Collect$$libinit$$00000025  D:\KeilC\Core\ARM\ARMCLANG\Bin\..\lib\armlib\c_w.l(libinit2.o)
    0x08000162   0x08000162   0x00000000   Code   RO          531    .ARM.Collect$$libinit$$00000027  D:\KeilC\Core\ARM\ARMCLANG\Bin\..\lib\armlib\c_w.l(libinit2.o)
    0x08000162   0x08000162   0x00000000   Code   RO          535    .ARM.Collect$$libinit$$0000002E  D:\KeilC\Core\ARM\ARMCLANG\Bin\..\lib\armlib\c_w.l(libinit2.o)
    0x08000162   0x08000162   0x00000000   Code   RO          537    .ARM.Collect$$libinit$$00000030  D:\KeilC\Core\ARM\ARMCLANG\Bin\..\lib\armlib\c_w.l(libinit2.o)
    0x08000162   0x08000162   0x00000000   Code   RO          539    .ARM.Collect$$libinit$$00000032  D:\KeilC\Core\ARM\ARMCLANG\Bin\..\lib\armlib\c_w.l(libinit2.o)
    0x08000162   0x08000162   0x00000000   Code   RO          541    .ARM.Collect$$libinit$$00000034  D:\KeilC\Core\ARM\ARMCLANG\Bin\..\lib\armlib\c_w.l(libinit2.o)
    0x08000162   0x08000162   0x00000002   Code   RO          542    .ARM.Collect$$libinit$$00000035  D:\KeilC\Core\ARM\ARMCLANG\Bin\..\lib\armlib\c_w.l(libinit2.o)
    0x08000164   0x08000164   0x00000002   Code   RO          564    .ARM.Collect$$libshutdown$$00000000  D:\KeilC\Core\ARM\ARMCLANG\Bin\..\lib\armlib\c_w.l(libshutdown.o)
    0x08000166   0x08000166   0x00000000   Code   RO          579    .ARM.Collect$$libshutdown$$00000002  D:\KeilC\Core\ARM\ARMCLANG\Bin\..\lib\armlib\c_w.l(libshutdown2.o)
    0x08000166   0x08000166   0x00000000   Code   RO          581    .ARM.Collect$$libshutdown$$00000004  D:\KeilC\Core\ARM\ARMCLANG\Bin\..\lib\armlib\c_w.l(libshutdown2.o)
    0x08000166   0x08000166   0x00000000   Code   RO          584    .ARM.Collect$$libshutdown$$00000007  D:\KeilC\Core\ARM\ARMCLANG\Bin\..\lib\armlib\c_w.l(libshutdown2.o)
    0x08000166   0x08000166   0x00000000   Code   RO          587    .ARM.Collect$$libshutdown$$0000000A  D:\KeilC\Core\ARM\ARMCLANG\Bin\..\lib\armlib\c_w.l(libshutdown2.o)
    0x08000166   0x08000166   0x00000000   Code   RO          589    .ARM.Collect$$libshutdown$$0000000C  D:\KeilC\Core\ARM\ARMCLANG\Bin\..\lib\armlib\c_w.l(libshutdown2.o)
    0x08000166   0x08000166   0x00000000   Code   RO          592    .ARM.Collect$$libshutdown$$0000000F  D:\KeilC\Core\ARM\ARMCLANG\Bin\..\lib\armlib\c_w.l(libshutdown2.o)
    0x08000166   0x08000166   0x00000002   Code   RO          593    .ARM.Collect$$libshutdown$$00000010  D:\KeilC\Core\ARM\ARMCLANG\Bin\..\lib\armlib\c_w.l(libshutdown2.o)
    0x08000168   0x08000168   0x00000000   Code   RO          465    .ARM.Collect$$rtentry$$00000000  D:\KeilC\Core\ARM\ARMCLANG\Bin\..\lib\armlib\c_w.l(__rtentry.o)
    0x08000168   0x08000168   0x00000000   Code   RO          467    .ARM.Collect$$rtentry$$00000002  D:\KeilC\Core\ARM\ARMCLANG\Bin\..\lib\armlib\c_w.l(__rtentry2.o)
    0x08000168   0x08000168   0x00000006   Code   RO          479    .ARM.Collect$$rtentry$$00000004  D:\KeilC\Core\ARM\ARMCLANG\Bin\..\lib\armlib\c_w.l(__rtentry4.o)
    0x0800016e   0x0800016e   0x00000000   Code   RO          469    .ARM.Collect$$rtentry$$00000009  D:\KeilC\Core\ARM\ARMCLANG\Bin\..\lib\armlib\c_w.l(__rtentry2.o)
    0x0800016e   0x0800016e   0x00000004   Code   RO          470    .ARM.Collect$$rtentry$$0000000A  D:\KeilC\Core\ARM\ARMCLANG\Bin\..\lib\armlib\c_w.l(__rtentry2.o)
    0x08000172   0x08000172   0x00000000   Code   RO          472    .ARM.Collect$$rtentry$$0000000C  D:\KeilC\Core\ARM\ARMCLANG\Bin\..\lib\armlib\c_w.l(__rtentry2.o)
    0x08000172   0x08000172   0x00000008   Code   RO          473    .ARM.Collect$$rtentry$$0000000D  D:\KeilC\Core\ARM\ARMCLANG\Bin\..\lib\armlib\c_w.l(__rtentry2.o)
    0x0800017a   0x0800017a   0x00000002   Code   RO          494    .ARM.Collect$$rtexit$$00000000  D:\KeilC\Core\ARM\ARMCLANG\Bin\..\lib\armlib\c_w.l(rtexit.o)
    0x0800017c   0x0800017c   0x00000000   Code   RO          544    .ARM.Collect$$rtexit$$00000002  D:\KeilC\Core\ARM\ARMCLANG\Bin\..\lib\armlib\c_w.l(rtexit2.o)
    0x0800017c   0x0800017c   0x00000004   Code   RO          545    .ARM.Collect$$rtexit$$00000003  D:\KeilC\Core\ARM\ARMCLANG\Bin\..\lib\armlib\c_w.l(rtexit2.o)
    0x08000180   0x08000180   0x00000006   Code   RO          546    .ARM.Collect$$rtexit$$00000004  D:\KeilC\Core\ARM\ARMCLANG\Bin\..\lib\armlib\c_w.l(rtexit2.o)
    0x08000186   0x08000186   0x00000002   PAD
    0x08000188   0x08000188   0x00000040   Code   RO            4    .text               lab 6\startup_stm32f103xb.o
    0x080001c8   0x080001c8   0x00000006   Code   RO          461    .text               D:\KeilC\Core\ARM\ARMCLANG\Bin\..\lib\armlib\c_w.l(heapauxi.o)
    0x080001ce   0x080001ce   0x0000004a   Code   RO          481    .text               D:\KeilC\Core\ARM\ARMCLANG\Bin\..\lib\armlib\c_w.l(sys_stackheap_outer.o)
    0x08000218   0x08000218   0x00000012   Code   RO          483    .text               D:\KeilC\Core\ARM\ARMCLANG\Bin\..\lib\armlib\c_w.l(exit.o)
    0x0800022a   0x0800022a   0x00000002   PAD
    0x0800022c   0x0800022c   0x00000008   Code   RO          491    .text               D:\KeilC\Core\ARM\ARMCLANG\Bin\..\lib\armlib\c_w.l(libspace.o)
    0x08000234   0x08000234   0x0000000c   Code   RO          554    .text               D:\KeilC\Core\ARM\ARMCLANG\Bin\..\lib\armlib\c_w.l(sys_exit.o)
    0x08000240   0x08000240   0x00000002   Code   RO          569    .text               D:\KeilC\Core\ARM\ARMCLANG\Bin\..\lib\armlib\c_w.l(use_no_semi.o)
    0x08000242   0x08000242   0x00000000   Code   RO          571    .text               D:\KeilC\Core\ARM\ARMCLANG\Bin\..\lib\armlib\c_w.l(indicate_semi.o)
    0x08000242   0x08000242   0x00000002   PAD
    0x08000244   0x08000244   0x00000002   Code   RO           77    .text.BusFault_Handler  lab 6\stm32f1xx_it.o
    0x08000246   0x08000246   0x00000002   PAD
    0x08000248   0x08000248   0x00000040   Code   RO           59    .text.DAC_Init      lab 6\dac.o
    0x08000288   0x08000288   0x0000001a   Code   RO           61    .text.DAC_Out       lab 6\dac.o
    0x080002a2   0x080002a2   0x00000002   PAD
    0x080002a4   0x080002a4   0x00000002   Code   RO           83    .text.DebugMon_Handler  lab 6\stm32f1xx_it.o
    0x080002a6   0x080002a6   0x00000002   PAD
    0x080002a8   0x080002a8   0x0000021a   Code   RO          224    .text.HAL_GPIO_Init  lab 6\stm32f1xx_hal_gpio.o
    0x080004c2   0x080004c2   0x00000002   PAD
    0x080004c4   0x080004c4   0x0000000c   Code   RO          124    .text.HAL_GetTick   lab 6\stm32f1xx_hal.o
    0x080004d0   0x080004d0   0x00000026   Code   RO          112    .text.HAL_Init      lab 6\stm32f1xx_hal.o
    0x080004f6   0x080004f6   0x00000002   PAD
    0x080004f8   0x080004f8   0x00000048   Code   RO          114    .text.HAL_InitTick  lab 6\stm32f1xx_hal.o
    0x08000540   0x08000540   0x00000032   Code   RO           24    .text.HAL_MspInit   lab 6\stm32f1xx_hal_msp.o
    0x08000572   0x08000572   0x00000002   PAD
    0x08000574   0x08000574   0x00000056   Code   RO          282    .text.HAL_NVIC_SetPriority  lab 6\stm32f1xx_hal_cortex.o
    0x080005ca   0x080005ca   0x00000002   PAD
    0x080005cc   0x080005cc   0x00000020   Code   RO          280    .text.HAL_NVIC_SetPriorityGrouping  lab 6\stm32f1xx_hal_cortex.o
    0x080005ec   0x080005ec   0x000001be   Code   RO          176    .text.HAL_RCC_ClockConfig  lab 6\stm32f1xx_hal_rcc.o
    0x080007aa   0x080007aa   0x00000002   PAD
    0x080007ac   0x080007ac   0x000003b4   Code   RO          174    .text.HAL_RCC_OscConfig  lab 6\stm32f1xx_hal_rcc.o
    0x08000b60   0x08000b60   0x0000002c   Code   RO          292    .text.HAL_SYSTICK_Config  lab 6\stm32f1xx_hal_cortex.o
    0x08000b8c   0x08000b8c   0x00000002   Code   RO           73    .text.HardFault_Handler  lab 6\stm32f1xx_it.o
    0x08000b8e   0x08000b8e   0x00000002   PAD
    0x08000b90   0x08000b90   0x00000010   Code   RO           34    .text.Key_In        lab 6\key.o
    0x08000ba0   0x08000ba0   0x00000042   Code   RO           32    .text.Key_Init      lab 6\key.o
    0x08000be2   0x08000be2   0x00000002   PAD
    0x08000be4   0x08000be4   0x00000002   Code   RO           75    .text.MemManage_Handler  lab 6\stm32f1xx_it.o
    0x08000be6   0x08000be6   0x00000002   PAD
    0x08000be8   0x08000be8   0x00000002   Code   RO           71    .text.NMI_Handler   lab 6\stm32f1xx_it.o
    0x08000bea   0x08000bea   0x00000002   PAD
    0x08000bec   0x08000bec   0x00000002   Code   RO           85    .text.PendSV_Handler  lab 6\stm32f1xx_it.o
    0x08000bee   0x08000bee   0x00000002   PAD
    0x08000bf0   0x08000bf0   0x00000002   Code   RO           81    .text.SVC_Handler   lab 6\stm32f1xx_it.o
    0x08000bf2   0x08000bf2   0x00000002   PAD
    0x08000bf4   0x08000bf4   0x0000002e   Code   RO           44    .text.Sound_Init    lab 6\sound.o
    0x08000c22   0x08000c22   0x00000002   PAD
    0x08000c24   0x08000c24   0x0000000e   Code   RO           46    .text.Sound_Start   lab 6\sound.o
    0x08000c32   0x08000c32   0x00000002   PAD
    0x08000c34   0x08000c34   0x00000026   Code   RO           48    .text.SysTick_Handler  lab 6\sound.o
    0x08000c5a   0x08000c5a   0x00000002   PAD
    0x08000c5c   0x08000c5c   0x00000002   Code   RO          445    .text.SystemInit    lab 6\system_stm32f1xx.o
    0x08000c5e   0x08000c5e   0x00000002   PAD
    0x08000c60   0x08000c60   0x00000002   Code   RO           79    .text.UsageFault_Handler  lab 6\stm32f1xx_it.o
    0x08000c62   0x08000c62   0x00000002   PAD
    0x08000c64   0x08000c64   0x00000074   Code   RO           11    .text.main          lab 6\main.o
    0x08000cd8   0x08000cd8   0x00000010   Data   RO          450    .rodata.AHBPrescTable  lab 6\system_stm32f1xx.o
    0x08000ce8   0x08000ce8   0x00000040   Data   RO           50    .rodata.Bassoon     lab 6\sound.o
    0x08000d28   0x08000d28   0x00000002   Data   RO          201    .rodata.HAL_RCC_GetSysClockFreq.aPredivFactorTable  lab 6\stm32f1xx_hal_rcc.o
    0x08000d2a   0x08000d2a   0x00000010   Data   RO          200    .rodata.cst16       lab 6\stm32f1xx_hal_rcc.o
    0x08000d3a   0x08000d3a   0x00000002   PAD
    0x08000d3c   0x08000d3c   0x00000020   Data   RO          627    Region$$Table       anon$$obj.o


    Execution Region RW_IRAM1 (Exec base: 0x20000000, Load base: 0x08000d60, Size: 0x00000678, Max: 0x00005000, ABSOLUTE)

    Exec Addr    Load Addr    Size         Type   Attr      Idx    E Section Name        Object

    0x20000000   0x08000d60   0x00000008   Data   RW          163    .data..L_MergedGlobals  lab 6\stm32f1xx_hal.o
    0x20000008   0x08000d68   0x00000004   Data   RW          449    .data.SystemCoreClock  lab 6\system_stm32f1xx.o
    0x2000000c   0x08000d6c   0x00000004   PAD
    0x20000010        -       0x00000060   Zero   RW          492    .bss                D:\KeilC\Core\ARM\ARMCLANG\Bin\..\lib\armlib\c_w.l(libspace.o)
    0x20000070        -       0x00000004   Zero   RW           15    .bss.Index          lab 6\main.o
    0x20000074        -       0x00000004   Zero   RW          162    .bss.uwTick         lab 6\stm32f1xx_hal.o
    0x20000078        -       0x00000200   Zero   RW            2    HEAP                lab 6\startup_stm32f103xb.o
    0x20000278        -       0x00000400   Zero   RW            1    STACK               lab 6\startup_stm32f103xb.o


==============================================================================

Image component sizes


      Code (inc. data)   RO Data    RW Data    ZI Data      Debug   Object Name

        90          0          0          0          0       1442   lab 6\dac.o
        82          0          0          0          0       1462   lab 6\key.o
       116         32          0          0          4       1671   lab 6\main.o
        98          0         64          0          0       3389   lab 6\sound.o
        64         26        236          0       1536        776   lab 6\startup_stm32f103xb.o
       122          0          0          8          4       5727   lab 6\stm32f1xx_hal.o
       162          0          0          0          0       8485   lab 6\stm32f1xx_hal_cortex.o
       538         22          0          0          0       4555   lab 6\stm32f1xx_hal_gpio.o
        50          0          0          0          0        922   lab 6\stm32f1xx_hal_msp.o
      1394          0         18          0          0       7657   lab 6\stm32f1xx_hal_rcc.o
        16          0          0          0          0       1131   lab 6\stm32f1xx_it.o
         2          0         16          4          0       1607   lab 6\system_stm32f1xx.o

    ----------------------------------------------------------------------
      2772         80        368         12       1548      38824   Object Totals
         0          0         32          0          0          0   (incl. Generated)
        38          0          2          0          4          0   (incl. Padding)

    ----------------------------------------------------------------------

      Code (inc. data)   RO Data    RW Data    ZI Data      Debug   Library Member Name

         8          0          0          0          0         68   D:\KeilC\Core\ARM\ARMCLANG\Bin\..\lib\armlib\c_w.l(__main.o)
         0          0          0          0          0          0   D:\KeilC\Core\ARM\ARMCLANG\Bin\..\lib\armlib\c_w.l(__rtentry.o)
        12          0          0          0          0          0   D:\KeilC\Core\ARM\ARMCLANG\Bin\..\lib\armlib\c_w.l(__rtentry2.o)
         6          0          0          0          0          0   D:\KeilC\Core\ARM\ARMCLANG\Bin\..\lib\armlib\c_w.l(__rtentry4.o)
        52          8          0          0          0          0   D:\KeilC\Core\ARM\ARMCLANG\Bin\..\lib\armlib\c_w.l(__scatter.o)
        26          0          0          0          0          0   D:\KeilC\Core\ARM\ARMCLANG\Bin\..\lib\armlib\c_w.l(__scatter_copy.o)
        28          0          0          0          0          0   D:\KeilC\Core\ARM\ARMCLANG\Bin\..\lib\armlib\c_w.l(__scatter_zi.o)
        18          0          0          0          0         80   D:\KeilC\Core\ARM\ARMCLANG\Bin\..\lib\armlib\c_w.l(exit.o)
         6          0          0          0          0        152   D:\KeilC\Core\ARM\ARMCLANG\Bin\..\lib\armlib\c_w.l(heapauxi.o)
         0          0          0          0          0          0   D:\KeilC\Core\ARM\ARMCLANG\Bin\..\lib\armlib\c_w.l(indicate_semi.o)
         2          0          0          0          0          0   D:\KeilC\Core\ARM\ARMCLANG\Bin\..\lib\armlib\c_w.l(libinit.o)
         2          0          0          0          0          0   D:\KeilC\Core\ARM\ARMCLANG\Bin\..\lib\armlib\c_w.l(libinit2.o)
         2          0          0          0          0          0   D:\KeilC\Core\ARM\ARMCLANG\Bin\..\lib\armlib\c_w.l(libshutdown.o)
         2          0          0          0          0          0   D:\KeilC\Core\ARM\ARMCLANG\Bin\..\lib\armlib\c_w.l(libshutdown2.o)
         8          4          0          0         96         68   D:\KeilC\Core\ARM\ARMCLANG\Bin\..\lib\armlib\c_w.l(libspace.o)
         2          0          0          0          0          0   D:\KeilC\Core\ARM\ARMCLANG\Bin\..\lib\armlib\c_w.l(rtexit.o)
        10          0          0          0          0          0   D:\KeilC\Core\ARM\ARMCLANG\Bin\..\lib\armlib\c_w.l(rtexit2.o)
        12          4          0          0          0         68   D:\KeilC\Core\ARM\ARMCLANG\Bin\..\lib\armlib\c_w.l(sys_exit.o)
        74          0          0          0          0         80   D:\KeilC\Core\ARM\ARMCLANG\Bin\..\lib\armlib\c_w.l(sys_stackheap_outer.o)
         2          0          0          0          0         68   D:\KeilC\Core\ARM\ARMCLANG\Bin\..\lib\armlib\c_w.l(use_no_semi.o)

    ----------------------------------------------------------------------
       280         16          0          0         96        584   Library Totals
         8          0          0          0          0          0   (incl. Padding)

    ----------------------------------------------------------------------

      Code (inc. data)   RO Data    RW Data    ZI Data      Debug   Library Name

       272         16          0          0         96        584   D:\KeilC\Core\ARM\ARMCLANG\Bin\..\lib\armlib\c_w.l

    ----------------------------------------------------------------------
       280         16          0          0         96        584   Library Totals

    ----------------------------------------------------------------------

==============================================================================


      Code (inc. data)   RO Data    RW Data    ZI Data      Debug   

      3052         96        368         12       1644      39100   Grand Totals
      3052         96        368         12       1644      39100   ELF Image Totals
      3052         96        368         12          0          0   ROM Totals

==============================================================================

    Total RO  Size (Code + RO Data)                 3420 (   3.34kB)
    Total RW  Size (RW Data + ZI Data)              1656 (   1.62kB)
    Total ROM Size (Code + RO Data + RW Data)       3432 (   3.35kB)

==============================================================================

